Archive member included to satisfy reference by file (symbol)

c:/gcc4mbed-master/gcc4mbed-master/gcc-arm-none-eabi/bin/../lib/gcc/arm-none-eabi/5.2.1/../../../../arm-none-eabi/lib/armv6-m\libstdc++_nano.a(del_opv.o)
                              ./.build/SARA_NBIOT_EVK/GCC_ARM/mbed-os/core/hal/common/RawSerial.o (operator delete[](void*))
c:/gcc4mbed-master/gcc4mbed-master/gcc-arm-none-eabi/bin/../lib/gcc/arm-none-eabi/5.2.1/../../../../arm-none-eabi/lib/armv6-m\libstdc++_nano.a(atexit_arm.o)
                              ./.build/SARA_NBIOT_EVK/GCC_ARM/mbed-os/core/hal/common/FileBase.o (__aeabi_atexit)
c:/gcc4mbed-master/gcc4mbed-master/gcc-arm-none-eabi/bin/../lib/gcc/arm-none-eabi/5.2.1/../../../../arm-none-eabi/lib/armv6-m\libstdc++_nano.a(del_op.o)
                              ./.build/SARA_NBIOT_EVK/GCC_ARM/./HTTPClient.o (operator delete(void*))
c:/gcc4mbed-master/gcc4mbed-master/gcc-arm-none-eabi/bin/../lib/gcc/arm-none-eabi/5.2.1/../../../../arm-none-eabi/lib/armv6-m\libstdc++_nano.a(new_op.o)
                              ./.build/SARA_NBIOT_EVK/GCC_ARM/./HTTPClient.o (operator new(unsigned int))
c:/gcc4mbed-master/gcc4mbed-master/gcc-arm-none-eabi/bin/../lib/gcc/arm-none-eabi/5.2.1/../../../../arm-none-eabi/lib/armv6-m\libstdc++_nano.a(new_opv.o)
                              ./.build/SARA_NBIOT_EVK/GCC_ARM/mbed-os/core/hal/common/RawSerial.o (operator new[](unsigned int))
c:/gcc4mbed-master/gcc4mbed-master/gcc-arm-none-eabi/bin/../lib/gcc/arm-none-eabi/5.2.1/../../../../arm-none-eabi/lib/armv6-m\libstdc++_nano.a(guard.o)
                              ./.build/SARA_NBIOT_EVK/GCC_ARM/./blinky.o (__cxa_guard_acquire)
c:/gcc4mbed-master/gcc4mbed-master/gcc-arm-none-eabi/bin/../lib/gcc/arm-none-eabi/5.2.1/../../../../arm-none-eabi/lib/armv6-m\libstdc++_nano.a(new_handler.o)
                              c:/gcc4mbed-master/gcc4mbed-master/gcc-arm-none-eabi/bin/../lib/gcc/arm-none-eabi/5.2.1/../../../../arm-none-eabi/lib/armv6-m\libstdc++_nano.a(new_op.o) (std::get_new_handler())
c:/gcc4mbed-master/gcc4mbed-master/gcc-arm-none-eabi/bin/../lib/gcc/arm-none-eabi/5.2.1/../../../../arm-none-eabi/lib/armv6-m\libm.a(lib_a-s_fpclassify.o)
                              ./.build/SARA_NBIOT_EVK/GCC_ARM/mbed-os/frameworks/unity/source/unity.o (__fpclassifyd)
c:/gcc4mbed-master/gcc4mbed-master/gcc-arm-none-eabi/bin/../lib/gcc/arm-none-eabi/5.2.1/../../../../arm-none-eabi/lib/armv6-m\libm.a(lib_a-sf_fpclassify.o)
                              ./.build/SARA_NBIOT_EVK/GCC_ARM/mbed-os/frameworks/unity/source/unity.o (__fpclassifyf)
c:/gcc4mbed-master/gcc4mbed-master/gcc-arm-none-eabi/bin/../lib/gcc/arm-none-eabi/5.2.1/../../../../arm-none-eabi/lib/armv6-m\libc_nano.a(lib_a-abort.o)
                              c:/gcc4mbed-master/gcc4mbed-master/gcc-arm-none-eabi/bin/../lib/gcc/arm-none-eabi/5.2.1/../../../../arm-none-eabi/lib/armv6-m\libstdc++_nano.a(new_op.o) (abort)
c:/gcc4mbed-master/gcc4mbed-master/gcc-arm-none-eabi/bin/../lib/gcc/arm-none-eabi/5.2.1/../../../../arm-none-eabi/lib/armv6-m\libc_nano.a(lib_a-atexit.o)
                              ./.build/SARA_NBIOT_EVK/GCC_ARM/mbed-os/core/rtos/rtx/TARGET_CORTEX_M/RTX_Conf_CM.o (atexit)
c:/gcc4mbed-master/gcc4mbed-master/gcc-arm-none-eabi/bin/../lib/gcc/arm-none-eabi/5.2.1/../../../../arm-none-eabi/lib/armv6-m\libc_nano.a(lib_a-calloc.o)
                              ./.build/SARA_NBIOT_EVK/GCC_ARM/mbed-os/features/mbedtls/src/asn1parse.o (calloc)
c:/gcc4mbed-master/gcc4mbed-master/gcc-arm-none-eabi/bin/../lib/gcc/arm-none-eabi/5.2.1/../../../../arm-none-eabi/lib/armv6-m\libc_nano.a(lib_a-ctype_.o)
                              ./.build/SARA_NBIOT_EVK/GCC_ARM/mbed-os/features/storage/cfstore/source/cfstore_fnmatch.o (__ctype_ptr__)
c:/gcc4mbed-master/gcc4mbed-master/gcc-arm-none-eabi/bin/../lib/gcc/arm-none-eabi/5.2.1/../../../../arm-none-eabi/lib/armv6-m\libc_nano.a(lib_a-cxa_atexit.o)
                              c:/gcc4mbed-master/gcc4mbed-master/gcc-arm-none-eabi/bin/../lib/gcc/arm-none-eabi/5.2.1/../../../../arm-none-eabi/lib/armv6-m\libstdc++_nano.a(atexit_arm.o) (__cxa_atexit)
c:/gcc4mbed-master/gcc4mbed-master/gcc-arm-none-eabi/bin/../lib/gcc/arm-none-eabi/5.2.1/../../../../arm-none-eabi/lib/armv6-m\libc_nano.a(lib_a-errno.o)
                              ./.build/SARA_NBIOT_EVK/GCC_ARM/mbed-os/core/hal/common/retarget.o (__errno)
c:/gcc4mbed-master/gcc4mbed-master/gcc-arm-none-eabi/bin/../lib/gcc/arm-none-eabi/5.2.1/../../../../arm-none-eabi/lib/armv6-m\libc_nano.a(lib_a-exit.o)
                              c:/gcc4mbed-master/gcc4mbed-master/gcc-arm-none-eabi/bin/../lib/gcc/arm-none-eabi/5.2.1/../../../../arm-none-eabi/lib/armv6-m/crt0.o (exit)
c:/gcc4mbed-master/gcc4mbed-master/gcc-arm-none-eabi/bin/../lib/gcc/arm-none-eabi/5.2.1/../../../../arm-none-eabi/lib/armv6-m\libc_nano.a(lib_a-fclose.o)
                              ./.build/SARA_NBIOT_EVK/GCC_ARM/mbed-os/core/hal/common/Stream.o (fclose)
[...]
Memory Configuration

Name             Origin             Length             Attributes
VECTORS          0x00000000         0x000000c0
FLASH_PROGRAM    0x000000c0         0x0000ff40
SRAM             0x01000000         0x00003f00
IPC_MAILBOX      0x01003f00         0x00000100
*default*        0x00000000         0xffffffff

Linker script and memory map

LOAD c:/gcc4mbed-master/gcc4mbed-master/gcc-arm-none-eabi/bin/../lib/gcc/arm-none-eabi/5.2.1/armv6-m/crti.o
LOAD c:/gcc4mbed-master/gcc4mbed-master/gcc-arm-none-eabi/bin/../lib/gcc/arm-none-eabi/5.2.1/armv6-m/crtbegin.o
LOAD c:/gcc4mbed-master/gcc4mbed-master/gcc-arm-none-eabi/bin/../lib/gcc/arm-none-eabi/5.2.1/../../../../arm-none-eabi/lib/armv6-m/crt0.o
LOAD ./.build/SARA_NBIOT_EVK/GCC_ARM/./HTTPText.o
LOAD ./.build/SARA_NBIOT_EVK/GCC_ARM/./HTTPMap.o
LOAD ./.build/SARA_NBIOT_EVK/GCC_ARM/./blinky.o
LOAD ./.build/SARA_NBIOT_EVK/GCC_ARM/./HTTPClient.o
LOAD ./.build/SARA_NBIOT_EVK/GCC_ARM/mbed-os/core/hal/common/AnalogIn.o
LOAD ./.build/SARA_NBIOT_EVK/GCC_ARM/mbed-os/core/hal/common/BusOut.o
LOAD ./.build/SARA_NBIOT_EVK/GCC_ARM/mbed-os/core/hal/common/BusIn.o
LOAD ./.build/SARA_NBIOT_EVK/GCC_ARM/mbed-os/core/hal/common/BusInOut.o
LOAD ./.build/SARA_NBIOT_EVK/GCC_ARM/mbed-os/core/hal/common/CAN.o
LOAD ./.build/SARA_NBIOT_EVK/GCC_ARM/mbed-os/core/hal/common/CallChain.o
LOAD ./.build/SARA_NBIOT_EVK/GCC_ARM/mbed-os/core/hal/common/Ethernet.o
LOAD ./.build/SARA_NBIOT_EVK/GCC_ARM/mbed-os/core/hal/common/FileLike.o
LOAD ./.build/SARA_NBIOT_EVK/GCC_ARM/mbed-os/core/hal/common/FileBase.o
LOAD ./.build/SARA_NBIOT_EVK/GCC_ARM/mbed-os/core/hal/common/FilePath.o
LOAD ./.build/SARA_NBIOT_EVK/GCC_ARM/mbed-os/core/hal/common/I2C.o
LOAD ./.build/SARA_NBIOT_EVK/GCC_ARM/mbed-os/core/hal/common/I2CSlave.o
LOAD ./.build/SARA_NBIOT_EVK/GCC_ARM/mbed-os/core/hal/common/FileSystemLike.o
LOAD ./.build/SARA_NBIOT_EVK/GCC_ARM/mbed-os/core/hal/common/InterruptManager.o
LOAD ./.build/SARA_NBIOT_EVK/GCC_ARM/mbed-os/core/hal/common/InterruptIn.o
LOAD ./.build/SARA_NBIOT_EVK/GCC_ARM/mbed-os/core/hal/common/LocalFileSystem.o
LOAD ./.build/SARA_NBIOT_EVK/GCC_ARM/mbed-os/core/hal/common/SPI.o
LOAD ./.build/SARA_NBIOT_EVK/GCC_ARM/mbed-os/core/hal/common/RawSerial.o
LOAD ./.build/SARA_NBIOT_EVK/GCC_ARM/mbed-os/core/hal/common/SPISlave.o
LOAD ./.build/SARA_NBIOT_EVK/GCC_ARM/mbed-os/core/hal/common/SerialBase.o
LOAD ./.build/SARA_NBIOT_EVK/GCC_ARM/mbed-os/core/hal/common/Ticker.o
LOAD ./.build/SARA_NBIOT_EVK/GCC_ARM/mbed-os/core/hal/common/Timeout.o
LOAD ./.build/SARA_NBIOT_EVK/GCC_ARM/mbed-os/core/hal/common/Serial.o
LOAD ./.build/SARA_NBIOT_EVK/GCC_ARM/mbed-os/core/hal/common/Stream.o
LOAD ./.build/SARA_NBIOT_EVK/GCC_ARM/mbed-os/core/hal/common/assert.o
LOAD ./.build/SARA_NBIOT_EVK/GCC_ARM/mbed-os/core/hal/common/Timer.o
LOAD ./.build/SARA_NBIOT_EVK/GCC_ARM/mbed-os/core/hal/common/TimerEvent.o
LOAD ./.build/SARA_NBIOT_EVK/GCC_ARM/mbed-os/core/hal/common/critical.o
LOAD ./.build/SARA_NBIOT_EVK/GCC_ARM/mbed-os/core/hal/common/error.o
LOAD ./.build/SARA_NBIOT_EVK/GCC_ARM/mbed-os/core/hal/common/board.o
LOAD ./.build/SARA_NBIOT_EVK/GCC_ARM/mbed-os/core/hal/common/lp_ticker_api.o
LOAD ./.build/SARA_NBIOT_EVK/GCC_ARM/mbed-os/core/hal/common/gpio.o
LOAD ./.build/SARA_NBIOT_EVK/GCC_ARM/mbed-os/core/hal/common/mbed_interface.o
LOAD ./.build/SARA_NBIOT_EVK/GCC_ARM/mbed-os/core/hal/common/pinmap_common.o
LOAD ./.build/SARA_NBIOT_EVK/GCC_ARM/mbed-os/core/hal/common/semihost_api.o
LOAD ./.build/SARA_NBIOT_EVK/GCC_ARM/mbed-os/core/hal/common/rtc_time.o
LOAD ./.build/SARA_NBIOT_EVK/GCC_ARM/mbed-os/core/hal/common/retarget.o
LOAD ./.build/SARA_NBIOT_EVK/GCC_ARM/mbed-os/core/hal/common/wait_api.o
LOAD ./.build/SARA_NBIOT_EVK/GCC_ARM/mbed-os/core/hal/common/ticker_api.o
LOAD ./.build/SARA_NBIOT_EVK/GCC_ARM/mbed-os/core/hal/targets/cmsis/TARGET_ublox/TARGET_HI2110/TOOLCHAIN_GCC_ARM/startup_HI2110.o
LOAD ./.build/SARA_NBIOT_EVK/GCC_ARM/mbed-os/core/hal/common/us_ticker_api.o
LOAD ./.build/SARA_NBIOT_EVK/GCC_ARM/mbed-os/core/hal/targets/cmsis/TARGET_ublox/TARGET_HI2110/system_HI2110.o
LOAD ./.build/SARA_NBIOT_EVK/GCC_ARM/mbed-os/core/hal/targets/cmsis/TARGET_ublox/TARGET_HI2110/cmsis_nvic.o
LOAD ./.build/SARA_NBIOT_EVK/GCC_ARM/mbed-os/core/hal/targets/hal/TARGET_ublox/TARGET_HI2110/HI2110_init.o
LOAD ./.build/SARA_NBIOT_EVK/GCC_ARM/mbed-os/core/hal/targets/hal/TARGET_ublox/TARGET_HI2110/gpio_irq_api.o
LOAD ./.build/SARA_NBIOT_EVK/GCC_ARM/mbed-os/core/hal/targets/hal/TARGET_ublox/TARGET_HI2110/gpio_api.o
LOAD ./.build/SARA_NBIOT_EVK/GCC_ARM/mbed-os/core/hal/targets/hal/TARGET_ublox/TARGET_HI2110/lp_ticker.o
LOAD ./.build/SARA_NBIOT_EVK/GCC_ARM/mbed-os/core/hal/targets/hal/TARGET_ublox/TARGET_HI2110/mbed_overrides.o
LOAD ./.build/SARA_NBIOT_EVK/GCC_ARM/mbed-os/core/hal/targets/hal/TARGET_ublox/TARGET_HI2110/pinmap.o
LOAD ./.build/SARA_NBIOT_EVK/GCC_ARM/mbed-os/core/hal/targets/hal/TARGET_ublox/TARGET_HI2110/serial_api.o
LOAD ./.build/SARA_NBIOT_EVK/GCC_ARM/mbed-os/core/hal/targets/hal/TARGET_ublox/TARGET_HI2110/port_api.o
LOAD ./.build/SARA_NBIOT_EVK/GCC_ARM/mbed-os/core/hal/targets/hal/TARGET_ublox/TARGET_HI2110/sleep.o
LOAD ./.build/SARA_NBIOT_EVK/GCC_ARM/mbed-os/core/hal/targets/hal/TARGET_ublox/TARGET_HI2110/us_ticker.o
LOAD ./.build/SARA_NBIOT_EVK/GCC_ARM/mbed-os/core/rtos/rtos/RtosTimer.o
LOAD ./.build/SARA_NBIOT_EVK/GCC_ARM/mbed-os/core/rtos/rtos/Mutex.o
LOAD ./.build/SARA_NBIOT_EVK/GCC_ARM/mbed-os/core/rtos/rtos/Semaphore.o
LOAD ./.build/SARA_NBIOT_EVK/GCC_ARM/mbed-os/core/rtos/rtos/rtos_idle.o
LOAD ./.build/SARA_NBIOT_EVK/GCC_ARM/mbed-os/core/rtos/rtx/TARGET_CORTEX_M/HAL_CM.o
LOAD ./.build/SARA_NBIOT_EVK/GCC_ARM/mbed-os/core/rtos/rtos/Thread.o
LOAD ./.build/SARA_NBIOT_EVK/GCC_ARM/mbed-os/core/rtos/rtx/TARGET_CORTEX_M/TARGET_M0/TOOLCHAIN_GCC/SVC_Table.o
LOAD ./.build/SARA_NBIOT_EVK/GCC_ARM/mbed-os/core/rtos/rtx/TARGET_CORTEX_M/RTX_Conf_CM.o
LOAD ./.build/SARA_NBIOT_EVK/GCC_ARM/mbed-os/core/rtos/rtx/TARGET_CORTEX_M/TARGET_M0/TOOLCHAIN_GCC/HAL_CM0.o
LOAD ./.build/SARA_NBIOT_EVK/GCC_ARM/mbed-os/core/rtos/rtx/TARGET_CORTEX_M/rt_CMSIS.o
LOAD ./.build/SARA_NBIOT_EVK/GCC_ARM/mbed-os/core/rtos/rtx/TARGET_CORTEX_M/rt_List.o
LOAD ./.build/SARA_NBIOT_EVK/GCC_ARM/mbed-os/core/rtos/rtx/TARGET_CORTEX_M/rt_MemBox.o
LOAD ./.build/SARA_NBIOT_EVK/GCC_ARM/mbed-os/core/rtos/rtx/TARGET_CORTEX_M/rt_Mailbox.o
LOAD ./.build/SARA_NBIOT_EVK/GCC_ARM/mbed-os/core/rtos/rtx/TARGET_CORTEX_M/rt_Event.o
LOAD ./.build/SARA_NBIOT_EVK/GCC_ARM/mbed-os/core/rtos/rtx/TARGET_CORTEX_M/rt_OsEventObserver.o
LOAD ./.build/SARA_NBIOT_EVK/GCC_ARM/mbed-os/core/rtos/rtx/TARGET_CORTEX_M/rt_Memory.o
LOAD ./.build/SARA_NBIOT_EVK/GCC_ARM/mbed-os/core/rtos/rtx/TARGET_CORTEX_M/rt_Robin.o
LOAD ./.build/SARA_NBIOT_EVK/GCC_ARM/mbed-os/core/rtos/rtx/TARGET_CORTEX_M/rt_Mutex.o
LOAD ./.build/SARA_NBIOT_EVK/GCC_ARM/mbed-os/core/rtos/rtx/TARGET_CORTEX_M/rt_Semaphore.o
LOAD ./.build/SARA_NBIOT_EVK/GCC_ARM/mbed-os/core/rtos/rtx/TARGET_CORTEX_M/rt_System.o
LOAD ./.build/SARA_NBIOT_EVK/GCC_ARM/mbed-os/core/rtos/rtx/TARGET_CORTEX_M/rt_Timer.o
LOAD ./.build/SARA_NBIOT_EVK/GCC_ARM/mbed-os/core/rtos/rtx/TARGET_CORTEX_M/rt_Task.o
LOAD ./.build/SARA_NBIOT_EVK/GCC_ARM/mbed-os/core/rtos/rtx/TARGET_CORTEX_M/rt_Time.o
LOAD ./.build/SARA_NBIOT_EVK/GCC_ARM/mbed-os/drivers/ESP8266Interface/ESP8266/ATParser/ATParser.o
LOAD ./.build/SARA_NBIOT_EVK/GCC_ARM/mbed-os/drivers/ESP8266Interface/ESP8266/ATParser/BufferedSerial/Buffer/MyBuffer.o
LOAD ./.build/SARA_NBIOT_EVK/GCC_ARM/mbed-os/drivers/ESP8266Interface/ESP8266/ATParser/BufferedSerial/BufferedPrint.o
LOAD ./.build/SARA_NBIOT_EVK/GCC_ARM/mbed-os/drivers/ESP8266Interface/ESP8266Interface.o
LOAD ./.build/SARA_NBIOT_EVK/GCC_ARM/mbed-os/drivers/ESP8266Interface/ESP8266/ESP8266.o
LOAD ./.build/SARA_NBIOT_EVK/GCC_ARM/mbed-os/drivers/ESP8266Interface/ESP8266/ATParser/BufferedSerial/BufferedSerial.o
LOAD ./.build/SARA_NBIOT_EVK/GCC_ARM/mbed-os/features/NetworkSocketAPI/DnsQuery/DnsQuery.o
LOAD ./.build/SARA_NBIOT_EVK/GCC_ARM/mbed-os/features/NetworkSocketAPI/Socket.o
LOAD ./.build/SARA_NBIOT_EVK/GCC_ARM/mbed-os/features/NetworkSocketAPI/TCPServer.o
LOAD ./.build/SARA_NBIOT_EVK/GCC_ARM/mbed-os/features/NetworkSocketAPI/NetworkStack.o
LOAD ./.build/SARA_NBIOT_EVK/GCC_ARM/mbed-os/features/NetworkSocketAPI/SocketAddress.o
LOAD ./.build/SARA_NBIOT_EVK/GCC_ARM/mbed-os/features/NetworkSocketAPI/TCPSocket.o
LOAD ./.build/SARA_NBIOT_EVK/GCC_ARM/mbed-os/features/mbedtls/src/aesni.o
LOAD ./.build/SARA_NBIOT_EVK/GCC_ARM/mbed-os/features/mbedtls/src/arc4.o
LOAD ./.build/SARA_NBIOT_EVK/GCC_ARM/mbed-os/features/mbedtls/src/aes.o
LOAD ./.build/SARA_NBIOT_EVK/GCC_ARM/mbed-os/features/NetworkSocketAPI/UDPSocket.o
LOAD ./.build/SARA_NBIOT_EVK/GCC_ARM/mbed-os/features/mbedtls/src/asn1parse.o
LOAD ./.build/SARA_NBIOT_EVK/GCC_ARM/mbed-os/features/mbedtls/src/base64.o
LOAD ./.build/SARA_NBIOT_EVK/GCC_ARM/mbed-os/features/mbedtls/src/blowfish.o
LOAD ./.build/SARA_NBIOT_EVK/GCC_ARM/mbed-os/features/mbedtls/src/camellia.o
LOAD ./.build/SARA_NBIOT_EVK/GCC_ARM/mbed-os/features/mbedtls/src/asn1write.o
LOAD ./.build/SARA_NBIOT_EVK/GCC_ARM/mbed-os/features/mbedtls/src/bignum.o
LOAD ./.build/SARA_NBIOT_EVK/GCC_ARM/mbed-os/features/mbedtls/src/ccm.o
LOAD ./.build/SARA_NBIOT_EVK/GCC_ARM/mbed-os/features/mbedtls/src/certs.o
LOAD ./.build/SARA_NBIOT_EVK/GCC_ARM/mbed-os/features/mbedtls/src/cipher_wrap.o
LOAD ./.build/SARA_NBIOT_EVK/GCC_ARM/mbed-os/features/mbedtls/src/cipher.o
LOAD ./.build/SARA_NBIOT_EVK/GCC_ARM/mbed-os/features/mbedtls/src/dhm.o
LOAD ./.build/SARA_NBIOT_EVK/GCC_ARM/mbed-os/features/mbedtls/src/des.o
LOAD ./.build/SARA_NBIOT_EVK/GCC_ARM/mbed-os/features/mbedtls/src/debug.o
LOAD ./.build/SARA_NBIOT_EVK/GCC_ARM/mbed-os/features/mbedtls/src/ctr_drbg.o
LOAD ./.build/SARA_NBIOT_EVK/GCC_ARM/mbed-os/features/mbedtls/src/ecjpake.o
LOAD ./.build/SARA_NBIOT_EVK/GCC_ARM/mbed-os/features/mbedtls/src/ecdh.o
LOAD ./.build/SARA_NBIOT_EVK/GCC_ARM/mbed-os/features/mbedtls/src/ecp.o
LOAD ./.build/SARA_NBIOT_EVK/GCC_ARM/mbed-os/features/mbedtls/src/ecdsa.o
LOAD ./.build/SARA_NBIOT_EVK/GCC_ARM/mbed-os/features/mbedtls/src/ecp_curves.o
LOAD ./.build/SARA_NBIOT_EVK/GCC_ARM/mbed-os/features/mbedtls/src/entropy_poll.o
LOAD ./.build/SARA_NBIOT_EVK/GCC_ARM/mbed-os/features/mbedtls/src/entropy.o
LOAD ./.build/SARA_NBIOT_EVK/GCC_ARM/mbed-os/features/mbedtls/src/error.o
LOAD ./.build/SARA_NBIOT_EVK/GCC_ARM/mbed-os/features/mbedtls/src/havege.o
LOAD ./.build/SARA_NBIOT_EVK/GCC_ARM/mbed-os/features/mbedtls/src/gcm.o
LOAD ./.build/SARA_NBIOT_EVK/GCC_ARM/mbed-os/features/mbedtls/src/hmac_drbg.o
LOAD ./.build/SARA_NBIOT_EVK/GCC_ARM/mbed-os/features/mbedtls/src/md2.o
LOAD ./.build/SARA_NBIOT_EVK/GCC_ARM/mbed-os/features/mbedtls/src/md4.o
LOAD ./.build/SARA_NBIOT_EVK/GCC_ARM/mbed-os/features/mbedtls/src/md.o
LOAD ./.build/SARA_NBIOT_EVK/GCC_ARM/mbed-os/features/mbedtls/src/memory_buffer_alloc.o
LOAD ./.build/SARA_NBIOT_EVK/GCC_ARM/mbed-os/features/mbedtls/src/md5.o
LOAD ./.build/SARA_NBIOT_EVK/GCC_ARM/mbed-os/features/mbedtls/src/md_wrap.o
LOAD ./.build/SARA_NBIOT_EVK/GCC_ARM/mbed-os/features/mbedtls/src/oid.o
LOAD ./.build/SARA_NBIOT_EVK/GCC_ARM/mbed-os/features/mbedtls/src/net.o
LOAD ./.build/SARA_NBIOT_EVK/GCC_ARM/mbed-os/features/mbedtls/src/padlock.o
LOAD ./.build/SARA_NBIOT_EVK/GCC_ARM/mbed-os/features/mbedtls/src/pem.o
LOAD ./.build/SARA_NBIOT_EVK/GCC_ARM/mbed-os/features/mbedtls/src/pkcs11.o
LOAD ./.build/SARA_NBIOT_EVK/GCC_ARM/mbed-os/features/mbedtls/src/pkcs12.o
LOAD ./.build/SARA_NBIOT_EVK/GCC_ARM/mbed-os/features/mbedtls/src/pk.o
LOAD ./.build/SARA_NBIOT_EVK/GCC_ARM/mbed-os/features/mbedtls/src/pkcs5.o
LOAD ./.build/SARA_NBIOT_EVK/GCC_ARM/mbed-os/features/mbedtls/src/pk_wrap.o
LOAD ./.build/SARA_NBIOT_EVK/GCC_ARM/mbed-os/features/mbedtls/src/pkwrite.o
LOAD ./.build/SARA_NBIOT_EVK/GCC_ARM/mbed-os/features/mbedtls/src/pkparse.o
LOAD ./.build/SARA_NBIOT_EVK/GCC_ARM/mbed-os/features/mbedtls/src/platform.o
LOAD ./.build/SARA_NBIOT_EVK/GCC_ARM/mbed-os/features/mbedtls/src/ripemd160.o
LOAD ./.build/SARA_NBIOT_EVK/GCC_ARM/mbed-os/features/mbedtls/src/sha1.o
LOAD ./.build/SARA_NBIOT_EVK/GCC_ARM/mbed-os/features/mbedtls/src/rsa.o
LOAD ./.build/SARA_NBIOT_EVK/GCC_ARM/mbed-os/features/mbedtls/src/sha512.o
LOAD ./.build/SARA_NBIOT_EVK/GCC_ARM/mbed-os/features/mbedtls/src/sha256.o
LOAD ./.build/SARA_NBIOT_EVK/GCC_ARM/mbed-os/features/mbedtls/src/ssl_ciphersuites.o
LOAD ./.build/SARA_NBIOT_EVK/GCC_ARM/mbed-os/features/mbedtls/src/ssl_cache.o
LOAD ./.build/SARA_NBIOT_EVK/GCC_ARM/mbed-os/features/mbedtls/src/ssl_cookie.o
LOAD ./.build/SARA_NBIOT_EVK/GCC_ARM/mbed-os/features/mbedtls/src/ssl_cli.o
LOAD ./.build/SARA_NBIOT_EVK/GCC_ARM/mbed-os/features/mbedtls/src/ssl_ticket.o
LOAD ./.build/SARA_NBIOT_EVK/GCC_ARM/mbed-os/features/mbedtls/src/threading.o
LOAD ./.build/SARA_NBIOT_EVK/GCC_ARM/mbed-os/features/mbedtls/src/ssl_srv.o
LOAD ./.build/SARA_NBIOT_EVK/GCC_ARM/mbed-os/features/mbedtls/src/timing.o
LOAD ./.build/SARA_NBIOT_EVK/GCC_ARM/mbed-os/features/mbedtls/src/version.o
LOAD ./.build/SARA_NBIOT_EVK/GCC_ARM/mbed-os/features/mbedtls/src/version_features.o
LOAD ./.build/SARA_NBIOT_EVK/GCC_ARM/mbed-os/features/mbedtls/src/ssl_tls.o
LOAD ./.build/SARA_NBIOT_EVK/GCC_ARM/mbed-os/features/mbedtls/src/x509_create.o
LOAD ./.build/SARA_NBIOT_EVK/GCC_ARM/mbed-os/features/mbedtls/src/x509.o
LOAD ./.build/SARA_NBIOT_EVK/GCC_ARM/mbed-os/features/mbedtls/src/x509_crl.o
LOAD ./.build/SARA_NBIOT_EVK/GCC_ARM/mbed-os/features/mbedtls/src/x509_crt.o
LOAD ./.build/SARA_NBIOT_EVK/GCC_ARM/mbed-os/features/mbedtls/src/x509_csr.o
LOAD ./.build/SARA_NBIOT_EVK/GCC_ARM/mbed-os/features/mbedtls/src/x509write_csr.o
LOAD ./.build/SARA_NBIOT_EVK/GCC_ARM/mbed-os/features/mbedtls/src/x509write_crt.o
LOAD ./.build/SARA_NBIOT_EVK/GCC_ARM/mbed-os/features/mbedtls/src/xtea.o
LOAD ./.build/SARA_NBIOT_EVK/GCC_ARM/mbed-os/features/storage/cfstore/source/cfstore_test.o
LOAD ./.build/SARA_NBIOT_EVK/GCC_ARM/mbed-os/features/storage/cfstore/source/cfstore_fnmatch.o
LOAD ./.build/SARA_NBIOT_EVK/GCC_ARM/mbed-os/features/storage/cfstore/source/configuration_store.o
LOAD ./.build/SARA_NBIOT_EVK/GCC_ARM/mbed-os/features/storage/flash-journal/flash-journal-strategy-sequential/strategy.o
LOAD ./.build/SARA_NBIOT_EVK/GCC_ARM/mbed-os/features/storage/flash-journal/flash-journal-strategy-sequential/support_funcs.o
LOAD ./.build/SARA_NBIOT_EVK/GCC_ARM/mbed-os/frameworks/greentea-client/source/test_env.o
LOAD ./.build/SARA_NBIOT_EVK/GCC_ARM/mbed-os/frameworks/unity/source/unity.o
LOAD ./.build/SARA_NBIOT_EVK/GCC_ARM/mbed-os/frameworks/utest/mbed-utest-shim.o
LOAD ./.build/SARA_NBIOT_EVK/GCC_ARM/mbed-os/frameworks/utest/source/utest_case.o
LOAD ./.build/SARA_NBIOT_EVK/GCC_ARM/mbed-os/frameworks/utest/source/unity_handler.o
LOAD ./.build/SARA_NBIOT_EVK/GCC_ARM/mbed-os/frameworks/utest/source/utest_default_handlers.o
LOAD ./.build/SARA_NBIOT_EVK/GCC_ARM/mbed-os/frameworks/utest/source/utest_greentea_handlers.o
LOAD ./.build/SARA_NBIOT_EVK/GCC_ARM/mbed-os/frameworks/utest/source/utest_harness.o
LOAD ./.build/SARA_NBIOT_EVK/GCC_ARM/mbed-os/frameworks/utest/source/utest_serial.o
LOAD ./.build/SARA_NBIOT_EVK/GCC_ARM/mbed-os/frameworks/utest/source/utest_stack_trace.o
LOAD ./.build/SARA_NBIOT_EVK/GCC_ARM/mbed-os/frameworks/utest/source/utest_shim.o
LOAD ./.build/SARA_NBIOT_EVK/GCC_ARM/mbed-os/frameworks/utest/source/utest_types.o
LOAD ./.build/SARA_NBIOT_EVK/GCC_ARM/./serial_driver.o
LOAD ./.build/SARA_NBIOT_EVK/GCC_ARM/./modem_driver.o
LOAD ./.build/SARA_NBIOT_EVK/GCC_ARM/./utilities.o
START GROUP
LOAD c:/gcc4mbed-master/gcc4mbed-master/gcc-arm-none-eabi/bin/../lib/gcc/arm-none-eabi/5.2.1/../../../../arm-none-eabi/lib/armv6-m\libstdc++_nano.a
LOAD c:/gcc4mbed-master/gcc4mbed-master/gcc-arm-none-eabi/bin/../lib/gcc/arm-none-eabi/5.2.1/../../../../arm-none-eabi/lib/armv6-m\libsupc++_nano.a
LOAD c:/gcc4mbed-master/gcc4mbed-master/gcc-arm-none-eabi/bin/../lib/gcc/arm-none-eabi/5.2.1/../../../../arm-none-eabi/lib/armv6-m\libm.a
LOAD c:/gcc4mbed-master/gcc4mbed-master/gcc-arm-none-eabi/bin/../lib/gcc/arm-none-eabi/5.2.1/../../../../arm-none-eabi/lib/armv6-m\libc_nano.a
LOAD c:/gcc4mbed-master/gcc4mbed-master/gcc-arm-none-eabi/bin/../lib/gcc/arm-none-eabi/5.2.1/armv6-m\libgcc.a
LOAD c:/gcc4mbed-master/gcc4mbed-master/gcc-arm-none-eabi/bin/../lib/gcc/arm-none-eabi/5.2.1/../../../../arm-none-eabi/lib/armv6-m\libnosys.a
END GROUP
LOAD c:/gcc4mbed-master/gcc4mbed-master/gcc-arm-none-eabi/bin/../lib/gcc/arm-none-eabi/5.2.1/../../../../arm-none-eabi/lib/armv6-m\libstdc++_nano.a
LOAD c:/gcc4mbed-master/gcc4mbed-master/gcc-arm-none-eabi/bin/../lib/gcc/arm-none-eabi/5.2.1/../../../../arm-none-eabi/lib/armv6-m\libsupc++_nano.a
LOAD c:/gcc4mbed-master/gcc4mbed-master/gcc-arm-none-eabi/bin/../lib/gcc/arm-none-eabi/5.2.1/../../../../arm-none-eabi/lib/armv6-m\libm.a
LOAD c:/gcc4mbed-master/gcc4mbed-master/gcc-arm-none-eabi/bin/../lib/gcc/arm-none-eabi/5.2.1/../../../../arm-none-eabi/lib/armv6-m\libc_nano.a
LOAD c:/gcc4mbed-master/gcc4mbed-master/gcc-arm-none-eabi/bin/../lib/gcc/arm-none-eabi/5.2.1/armv6-m\libgcc.a
LOAD c:/gcc4mbed-master/gcc4mbed-master/gcc-arm-none-eabi/bin/../lib/gcc/arm-none-eabi/5.2.1/../../../../arm-none-eabi/lib/armv6-m\libnosys.a
START GROUP
LOAD c:/gcc4mbed-master/gcc4mbed-master/gcc-arm-none-eabi/bin/../lib/gcc/arm-none-eabi/5.2.1/armv6-m\libgcc.a
LOAD c:/gcc4mbed-master/gcc4mbed-master/gcc-arm-none-eabi/bin/../lib/gcc/arm-none-eabi/5.2.1/../../../../arm-none-eabi/lib/armv6-m\libc_nano.a
END GROUP
START GROUP
LOAD c:/gcc4mbed-master/gcc4mbed-master/gcc-arm-none-eabi/bin/../lib/gcc/arm-none-eabi/5.2.1/armv6-m\libgcc.a
LOAD c:/gcc4mbed-master/gcc4mbed-master/gcc-arm-none-eabi/bin/../lib/gcc/arm-none-eabi/5.2.1/../../../../arm-none-eabi/lib/armv6-m\libc_nano.a
END GROUP
LOAD c:/gcc4mbed-master/gcc4mbed-master/gcc-arm-none-eabi/bin/../lib/gcc/arm-none-eabi/5.2.1/armv6-m/crtend.o
LOAD c:/gcc4mbed-master/gcc4mbed-master/gcc-arm-none-eabi/bin/../lib/gcc/arm-none-eabi/5.2.1/armv6-m/crtn.o
                0x00000000                . = 0x0

startup         0x00000000       0x88
 *(.isr_vector)
 .isr_vector    0x00000000       0x88 ./.build/SARA_NBIOT_EVK/GCC_ARM/mbed-os/core/hal/targets/cmsis/TARGET_ublox/TARGET_HI2110/TOOLCHAIN_GCC_ARM/startup_HI2110.o
                0x00000000                g_pfnVectors

.text           0x000000c0     0xc430
                0x000000c0                . = ALIGN (0x4)
 *(.text)
 .text          0x000000c0       0xb4 c:/gcc4mbed-master/gcc4mbed-master/gcc-arm-none-eabi/bin/../lib/gcc/arm-none-eabi/5.2.1/armv6-m/crtbegin.o
 .text          0x00000174       0x78 c:/gcc4mbed-master/gcc4mbed-master/gcc-arm-none-eabi/bin/../lib/gcc/arm-none-eabi/5.2.1/../../../../arm-none-eabi/lib/armv6-m/crt0.o
                0x00000174                _start
                0x00000174                _mainCRTStartup
 .text          0x000001ec      0x154 ./.build/SARA_NBIOT_EVK/GCC_ARM/mbed-os/core/rtos/rtx/TARGET_CORTEX_M/TARGET_M0/TOOLCHAIN_GCC/HAL_CM0.o
                0x000001ec                rt_set_PSP
                0x000001f2                rt_get_PSP
                0x000001f8                os_set_env
                0x00000216                _alloc_box
                0x00000230                _free_box
                0x0000024a                SVC_Handler
                0x000002d0                PendSV_Handler
                0x000002d4                Sys_Switch
                0x00000318                SysTick_Handler
                0x0000031e                OS_Tick_Handler
 .text          0x00000340       0x14 c:/gcc4mbed-master/gcc4mbed-master/gcc-arm-none-eabi/bin/../lib/gcc/arm-none-eabi/5.2.1/../../../../arm-none-eabi/lib/armv6-m\libc_nano.a(lib_a-strcmp.o)
                0x00000340                strcmp
 .text          0x00000354        0xe c:/gcc4mbed-master/gcc4mbed-master/gcc-arm-none-eabi/bin/../lib/gcc/arm-none-eabi/5.2.1/../../../../arm-none-eabi/lib/armv6-m\libc_nano.a(lib_a-strlen.o)
                0x00000354                strlen
 *fill*         0x00000362        0x2 
 .text          0x00000364      0x114 c:/gcc4mbed-master/gcc4mbed-master/gcc-arm-none-eabi/bin/../lib/gcc/arm-none-eabi/5.2.1/armv6-m\libgcc.a(_udivsi3.o)
                0x00000364                __aeabi_uidiv
                0x00000364                __udivsi3
                0x00000470                __aeabi_uidivmod
 .text          0x00000478        0x4 c:/gcc4mbed-master/gcc4mbed-master/gcc-arm-none-eabi/bin/../lib/gcc/arm-none-eabi/5.2.1/armv6-m\libgcc.a(_dvmd_tls.o)
                0x00000478                __aeabi_idiv0
                0x00000478                __aeabi_ldiv0
 .text          0x0000047c       0x74 c:/gcc4mbed-master/gcc4mbed-master/gcc-arm-none-eabi/bin/../lib/gcc/arm-none-eabi/5.2.1/armv6-m\libgcc.a(_arm_cmpsf2.o)
                0x0000047c                __aeabi_cfrcmple
                0x00000484                __aeabi_cfcmpeq
                0x00000484                __aeabi_cfcmple
                0x00000494                __aeabi_fcmpeq
                0x000004a0                __aeabi_fcmplt
                0x000004b4                __aeabi_fcmple
                0x000004c8                __aeabi_fcmpgt
                0x000004dc                __aeabi_fcmpge
 .text          0x000004f0      0x234 c:/gcc4mbed-master/gcc4mbed-master/gcc-arm-none-eabi/bin/../lib/gcc/arm-none-eabi/5.2.1/armv6-m\libgcc.a(divsf3.o)
                0x000004f0                __aeabi_fdiv
 .text          0x00000724       0x50 c:/gcc4mbed-master/gcc4mbed-master/gcc-arm-none-eabi/bin/../lib/gcc/arm-none-eabi/5.2.1/armv6-m\libgcc.a(eqsf2.o)
                0x00000724                __eqsf2
                0x00000724                __nesf2
 .text          0x00000774       0x88 c:/gcc4mbed-master/gcc4mbed-master/gcc-arm-none-eabi/bin/../lib/gcc/arm-none-eabi/5.2.1/armv6-m\libgcc.a(gesf2.o)
                0x00000774                __gesf2
                0x00000774                __gtsf2
 .text          0x000007fc       0x88 c:/gcc4mbed-master/gcc4mbed-master/gcc-arm-none-eabi/bin/../lib/gcc/arm-none-eabi/5.2.1/armv6-m\libgcc.a(lesf2.o)
                0x000007fc                __ltsf2
                0x000007fc                __lesf2
 .text          0x00000884      0x228 c:/gcc4mbed-master/gcc4mbed-master/gcc-arm-none-eabi/bin/../lib/gcc/arm-none-eabi/5.2.1/armv6-m\libgcc.a(mulsf3.o)
                0x00000884                __aeabi_fmul
 .text          0x00000aac       0x44 c:/gcc4mbed-master/gcc4mbed-master/gcc-arm-none-eabi/bin/../lib/gcc/arm-none-eabi/5.2.1/armv6-m\libgcc.a(fixsfsi.o)
                0x00000aac                __aeabi_f2iz
 .text          0x00000af0       0x90 c:/gcc4mbed-master/gcc4mbed-master/gcc-arm-none-eabi/bin/../lib/gcc/arm-none-eabi/5.2.1/armv6-m\libgcc.a(floatsisf.o)
                0x00000af0                __aeabi_i2f
 .text          0x00000b80       0x3c c:/gcc4mbed-master/gcc4mbed-master/gcc-arm-none-eabi/bin/../lib/gcc/arm-none-eabi/5.2.1/armv6-m\libgcc.a(_clzsi2.o)
                0x00000b80                __clzsi2
 *(.text*)
 .text._ZN11IHTTPDataInC2Ev
                0x00000bbc       0x18 ./.build/SARA_NBIOT_EVK/GCC_ARM/./HTTPText.o
                0x00000bbc                IHTTPDataIn::IHTTPDataIn()
                0x00000bbc                IHTTPDataIn::IHTTPDataIn()
 .text._ZN12IHTTPDataOutC2Ev
                0x00000bd4       0x18 ./.build/SARA_NBIOT_EVK/GCC_ARM/./HTTPText.o
                0x00000bd4                IHTTPDataOut::IHTTPDataOut()
                0x00000bd4                IHTTPDataOut::IHTTPDataOut()
 .text._ZN8HTTPTextC2EPcj
                0x00000bec       0x4c ./.build/SARA_NBIOT_EVK/GCC_ARM/./HTTPText.o
                0x00000bec                HTTPText::HTTPText(char*, unsigned int)
                0x00000bec                HTTPText::HTTPText(char*, unsigned int)
 .text._ZN8HTTPText9readResetEv
                0x00000c38       0x10 ./.build/SARA_NBIOT_EVK/GCC_ARM/./HTTPText.o
                0x00000c38                HTTPText::readReset()
 .text._ZThn4_N8HTTPText9readResetEv
                0x00000c48       0x10 ./.build/SARA_NBIOT_EVK/GCC_ARM/./HTTPText.o
                0x00000c48                non-virtual thunk to HTTPText::readReset()
 .text._ZN8HTTPText4readEPcjPj
                0x00000c58       0x50 ./.build/SARA_NBIOT_EVK/GCC_ARM/./HTTPText.o
                0x00000c58                HTTPText::read(char*, unsigned int, unsigned int*)
 .text._ZThn4_N8HTTPText4readEPcjPj
                0x00000ca8       0x10 ./.build/SARA_NBIOT_EVK/GCC_ARM/./HTTPText.o
                0x00000ca8                non-virtual thunk to HTTPText::read(char*, unsigned int, unsigned int*)
 .text._ZN8HTTPText11getDataTypeEPcj
                0x00000cb8       0x30 ./.build/SARA_NBIOT_EVK/GCC_ARM/./HTTPText.o
                0x00000cb8                HTTPText::getDataType(char*, unsigned int)
 .text._ZThn4_N8HTTPText11getDataTypeEPcj
                0x00000ce8       0x10 ./.build/SARA_NBIOT_EVK/GCC_ARM/./HTTPText.o
                0x00000ce8                non-virtual thunk to HTTPText::getDataType(char*, unsigned int)
 .text._ZN8HTTPText12getIsChunkedEv
                0x00000cf8        0xc ./.build/SARA_NBIOT_EVK/GCC_ARM/./HTTPText.o
                0x00000cf8                HTTPText::getIsChunked()
 .text._ZThn4_N8HTTPText12getIsChunkedEv
                0x00000d04       0x10 ./.build/SARA_NBIOT_EVK/GCC_ARM/./HTTPText.o
                0x00000d04                non-virtual thunk to HTTPText::getIsChunked()
 .text._ZN8HTTPText10getDataLenEv
                0x00000d14       0x10 ./.build/SARA_NBIOT_EVK/GCC_ARM/./HTTPText.o
                0x00000d14                HTTPText::getDataLen()
 .text._ZThn4_N8HTTPText10getDataLenEv
                0x00000d24       0x10 ./.build/SARA_NBIOT_EVK/GCC_ARM/./HTTPText.o
                0x00000d24                non-virtual thunk to HTTPText::getDataLen()
 .text._ZN8HTTPText10writeResetEv
                0x00000d34       0x10 ./.build/SARA_NBIOT_EVK/GCC_ARM/./HTTPText.o
                0x00000d34                HTTPText::writeReset()
 .text._ZN8HTTPText5writeEPKcj
                0x00000d44       0x58 ./.build/SARA_NBIOT_EVK/GCC_ARM/./HTTPText.o
                0x00000d44                HTTPText::write(char const*, unsigned int)
 .text._ZN8HTTPText11setDataTypeEPKc
                0x00000d9c        0xc ./.build/SARA_NBIOT_EVK/GCC_ARM/./HTTPText.o
                0x00000d9c                HTTPText::setDataType(char const*)
 .text._ZN8HTTPText12setIsChunkedEb
                0x00000da8       0x14 ./.build/SARA_NBIOT_EVK/GCC_ARM/./HTTPText.o
                0x00000da8                HTTPText::setIsChunked(bool)
 .text._ZN8HTTPText10setDataLenEj
                0x00000dbc        0xc ./.build/SARA_NBIOT_EVK/GCC_ARM/./HTTPText.o
                0x00000dbc                HTTPText::setDataLen(unsigned int)
 .text._ZL3getv
                0x00000dc8       0x7c ./.build/SARA_NBIOT_EVK/GCC_ARM/./blinky.o
 .text.main     0x00000e44       0x14 ./.build/SARA_NBIOT_EVK/GCC_ARM/./blinky.o
                0x00000e44                main
 .text._ZSt6strchrPci
                0x00000e58       0x1c ./.build/SARA_NBIOT_EVK/GCC_ARM/./HTTPClient.o
                0x00000e58                std::strchr(char*, int)
 .text._ZSt6strstrPcPKc
                0x00000e74       0x1c ./.build/SARA_NBIOT_EVK/GCC_ARM/./HTTPClient.o
                0x00000e74                std::strstr(char*, char const*)
 .text._ZN10HTTPClient11getInstanceEv
                0x00000e90       0x2c ./.build/SARA_NBIOT_EVK/GCC_ARM/./HTTPClient.o
                0x00000e90                HTTPClient::getInstance()
 .text._ZN10HTTPClientC2Ev
                0x00000ebc       0x38 ./.build/SARA_NBIOT_EVK/GCC_ARM/./HTTPClient.o
                0x00000ebc                HTTPClient::HTTPClient()
                0x00000ebc                HTTPClient::HTTPClient()
 .text._ZN10HTTPClient3getEPKcP11IHTTPDataIni
                0x00000ef4       0x28 ./.build/SARA_NBIOT_EVK/GCC_ARM/./HTTPClient.o
                0x00000ef4                HTTPClient::get(char const*, IHTTPDataIn*, int)
 .text._ZN10HTTPClient3getEPKcPcji
                0x00000f1c       0x2c ./.build/SARA_NBIOT_EVK/GCC_ARM/./HTTPClient.o
                0x00000f1c                HTTPClient::get(char const*, char*, unsigned int, int)
 .text._ZN10HTTPClient19getHTTPResponseCodeEv
                0x00000f48       0x10 ./.build/SARA_NBIOT_EVK/GCC_ARM/./HTTPClient.o
                0x00000f48                HTTPClient::getHTTPResponseCode()
 .text._ZN10HTTPClient7connectEPKcNS_9HTTP_METHEP12IHTTPDataOutP11IHTTPDataIni
                0x00000f58      0x9c0 ./.build/SARA_NBIOT_EVK/GCC_ARM/./HTTPClient.o
                0x00000f58                HTTPClient::connect(char const*, HTTPClient::HTTP_METH, IHTTPDataOut*, IHTTPDataIn*, int)
 .text._ZN10HTTPClient4recvEPcjjPj
                0x00001918      0x104 ./.build/SARA_NBIOT_EVK/GCC_ARM/./HTTPClient.o
                0x00001918                HTTPClient::recv(char*, unsigned int, unsigned int, unsigned int*)
 .text._ZN10HTTPClient4sendEPcj
                0x00001a1c       0xcc ./.build/SARA_NBIOT_EVK/GCC_ARM/./HTTPClient.o
                0x00001a1c                HTTPClient::send(char*, unsigned int)
 .text._ZN10HTTPClient8parseURLEPKcPcjS2_jPtS2_j
                0x00001ae8      0x1a0 ./.build/SARA_NBIOT_EVK/GCC_ARM/./HTTPClient.o
                0x00001ae8                HTTPClient::parseURL(char const*, char*, unsigned int, char*, unsigned int, unsigned short*, char*, unsigned int)
 .text._ZN4mbed8CallbackIFvvEE4callEv
                0x00001c88       0x24 ./.build/SARA_NBIOT_EVK/GCC_ARM/mbed-os/core/hal/common/CallChain.o
                0x00001c88                mbed::Callback<void ()>::call()
 .text._ZN4mbed10FileHandle4flenEv
                0x00001cac       0x7c ./.build/SARA_NBIOT_EVK/GCC_ARM/mbed-os/core/hal/common/FileLike.o
                0x00001cac                mbed::FileHandle::flen()
 .text._ZN4mbed10FileHandle4lockEv
                0x00001d28        0xc ./.build/SARA_NBIOT_EVK/GCC_ARM/mbed-os/core/hal/common/FileLike.o
                0x00001d28                mbed::FileHandle::lock()
 .text._ZN4mbed10FileHandle6unlockEv
                0x00001d34        0xc ./.build/SARA_NBIOT_EVK/GCC_ARM/mbed-os/core/hal/common/FileLike.o
                0x00001d34                mbed::FileHandle::unlock()
 .text._ZN4mbed10FileHandleC2Ev
                0x00001d40       0x18 ./.build/SARA_NBIOT_EVK/GCC_ARM/mbed-os/core/hal/common/FileLike.o
                0x00001d40                mbed::FileHandle::FileHandle()
                0x00001d40                mbed::FileHandle::FileHandle()
 .text._ZN4mbed8FileLikeC2EPKc
                0x00001d58       0x3c ./.build/SARA_NBIOT_EVK/GCC_ARM/mbed-os/core/hal/common/FileLike.o
                0x00001d58                mbed::FileLike::FileLike(char const*)
                0x00001d58                mbed::FileLike::FileLike(char const*)
 .text._ZN4mbed8FileLikeD2Ev
                0x00001d94       0x44 ./.build/SARA_NBIOT_EVK/GCC_ARM/mbed-os/core/hal/common/FileLike.o
                0x00001d94                mbed::FileLike::~FileLike()
                0x00001d94                mbed::FileLike::~FileLike()
 .text._ZN4mbed8FileBaseC2EPKcNS_8PathTypeE
                0x00001dd8       0x70 ./.build/SARA_NBIOT_EVK/GCC_ARM/mbed-os/core/hal/common/FileBase.o
                0x00001dd8                mbed::FileBase::FileBase(char const*, mbed::PathType)
                0x00001dd8                mbed::FileBase::FileBase(char const*, mbed::PathType)
 .text._ZN4mbed8FileBaseD2Ev
                0x00001e48       0x80 ./.build/SARA_NBIOT_EVK/GCC_ARM/mbed-os/core/hal/common/FileBase.o
                0x00001e48                mbed::FileBase::~FileBase()
                0x00001e48                mbed::FileBase::~FileBase()
 .text._ZN4mbed8FileBaseD0Ev
                0x00001ec8       0x20 ./.build/SARA_NBIOT_EVK/GCC_ARM/mbed-os/core/hal/common/FileBase.o
                0x00001ec8                mbed::FileBase::~FileBase()
 .text._ZN4mbed8FileBase6lookupEPKcj
                0x00001ee8       0x84 ./.build/SARA_NBIOT_EVK/GCC_ARM/mbed-os/core/hal/common/FileBase.o
                0x00001ee8                mbed::FileBase::lookup(char const*, unsigned int)
 .text._ZN4mbed8FileBase11getPathTypeEv
                0x00001f6c       0x10 ./.build/SARA_NBIOT_EVK/GCC_ARM/mbed-os/core/hal/common/FileBase.o
                0x00001f6c                mbed::FileBase::getPathType()
 .text._Z41__static_initialization_and_destruction_0ii
                0x00001f7c       0x40 ./.build/SARA_NBIOT_EVK/GCC_ARM/mbed-os/core/hal/common/FileBase.o
 .text._GLOBAL__sub_I__ZN4mbed8FileBase5_headE
                0x00001fbc       0x14 ./.build/SARA_NBIOT_EVK/GCC_ARM/mbed-os/core/hal/common/FileBase.o
 .text._ZN4mbed8FilePathC2EPKc
                0x00001fd0       0x90 ./.build/SARA_NBIOT_EVK/GCC_ARM/mbed-os/core/hal/common/FilePath.o
                0x00001fd0                mbed::FilePath::FilePath(char const*)
                0x00001fd0                mbed::FilePath::FilePath(char const*)
 .text._ZN4mbed8FilePath8fileNameEv
                0x00002060       0x10 ./.build/SARA_NBIOT_EVK/GCC_ARM/mbed-os/core/hal/common/FilePath.o
                0x00002060                mbed::FilePath::fileName()
 .text._ZN4mbed8FilePath12isFileSystemEv
                0x00002070       0x2c ./.build/SARA_NBIOT_EVK/GCC_ARM/mbed-os/core/hal/common/FilePath.o
                0x00002070                mbed::FilePath::isFileSystem()
 .text._ZN4mbed8FilePath10fileSystemEv
                0x0000209c       0x20 ./.build/SARA_NBIOT_EVK/GCC_ARM/mbed-os/core/hal/common/FilePath.o
                0x0000209c                mbed::FilePath::fileSystem()
 .text._ZN4mbed8FilePath6isFileEv
                0x000020bc       0x2c ./.build/SARA_NBIOT_EVK/GCC_ARM/mbed-os/core/hal/common/FilePath.o
                0x000020bc                mbed::FilePath::isFile()
 .text._ZN4mbed8FilePath4fileEv
                0x000020e8       0x30 ./.build/SARA_NBIOT_EVK/GCC_ARM/mbed-os/core/hal/common/FilePath.o
                0x000020e8                mbed::FilePath::file()
 .text._ZN4mbed8FilePath6existsEv
                0x00002118       0x14 ./.build/SARA_NBIOT_EVK/GCC_ARM/mbed-os/core/hal/common/FilePath.o
                0x00002118                mbed::FilePath::exists()
 .text._ZN4mbed8CallbackIFvvEEC2EPS1_
                0x0000212c       0x1c ./.build/SARA_NBIOT_EVK/GCC_ARM/mbed-os/core/hal/common/InterruptManager.o
                0x0000212c                mbed::Callback<void ()>::Callback(void (*)())
                0x0000212c                mbed::Callback<void ()>::Callback(void (*)())
 .text._ZN4mbed8CallbackIFvvEE6attachEPS1_
                0x00002148       0x30 ./.build/SARA_NBIOT_EVK/GCC_ARM/mbed-os/core/hal/common/InterruptManager.o
                0x00002148                mbed::Callback<void ()>::attach(void (*)())
 .text._ZN4mbed8CallbackIFvvEE12_staticthunkEPvS3_
                0x00002178       0x14 ./.build/SARA_NBIOT_EVK/GCC_ARM/mbed-os/core/hal/common/InterruptManager.o
                0x00002178                mbed::Callback<void ()>::_staticthunk(void*, void*)
 .text._ZN4mbed10SerialBaseD2Ev
                0x0000218c       0x28 ./.build/SARA_NBIOT_EVK/GCC_ARM/mbed-os/core/hal/common/RawSerial.o
                0x0000218c                mbed::SerialBase::~SerialBase()
                0x0000218c                mbed::SerialBase::~SerialBase()
 .text._ZN4mbed10SerialBaseD0Ev
                0x000021b4       0x20 ./.build/SARA_NBIOT_EVK/GCC_ARM/mbed-os/core/hal/common/RawSerial.o
                0x000021b4                mbed::SerialBase::~SerialBase()
 .text._ZN4mbed9RawSerialC2E7PinNameS1_
                0x000021d4       0x44 ./.build/SARA_NBIOT_EVK/GCC_ARM/mbed-os/core/hal/common/RawSerial.o
                0x000021d4                mbed::RawSerial::RawSerial(PinName, PinName)
                0x000021d4                mbed::RawSerial::RawSerial(PinName, PinName)
 .text._ZN4mbed9RawSerial4putcEi
                0x00002218       0x3c ./.build/SARA_NBIOT_EVK/GCC_ARM/mbed-os/core/hal/common/RawSerial.o
                0x00002218                mbed::RawSerial::putc(int)
 .text._ZN4mbed9RawSerial4putsEPKc
                0x00002254       0x48 ./.build/SARA_NBIOT_EVK/GCC_ARM/mbed-os/core/hal/common/RawSerial.o
                0x00002254                mbed::RawSerial::puts(char const*)
 .text._ZN4mbed9RawSerial6printfEPKcz
                0x0000229c       0x98 ./.build/SARA_NBIOT_EVK/GCC_ARM/mbed-os/core/hal/common/RawSerial.o
                0x0000229c                mbed::RawSerial::printf(char const*, ...)
 .text._ZN4mbed9RawSerial4lockEv
                0x00002334        0xc ./.build/SARA_NBIOT_EVK/GCC_ARM/mbed-os/core/hal/common/RawSerial.o
                0x00002334                mbed::RawSerial::lock()
 .text._ZN4mbed9RawSerial6unlockEv
                0x00002340        0xc ./.build/SARA_NBIOT_EVK/GCC_ARM/mbed-os/core/hal/common/RawSerial.o
                0x00002340                mbed::RawSerial::unlock()
 .text._ZN4mbed9RawSerialD2Ev
                0x0000234c       0x30 ./.build/SARA_NBIOT_EVK/GCC_ARM/mbed-os/core/hal/common/RawSerial.o
                0x0000234c                mbed::RawSerial::~RawSerial()
                0x0000234c                mbed::RawSerial::~RawSerial()
 .text._ZN4mbed9RawSerialD0Ev
                0x0000237c       0x20 ./.build/SARA_NBIOT_EVK/GCC_ARM/mbed-os/core/hal/common/RawSerial.o
                0x0000237c                mbed::RawSerial::~RawSerial()
 .text._ZN4mbed10SerialBaseC2E7PinNameS1_
                0x0000239c       0x88 ./.build/SARA_NBIOT_EVK/GCC_ARM/mbed-os/core/hal/common/SerialBase.o
                0x0000239c                mbed::SerialBase::SerialBase(PinName, PinName)
                0x0000239c                mbed::SerialBase::SerialBase(PinName, PinName)
 .text._ZN4mbed10SerialBase4baudEi
                0x00002424       0x3c ./.build/SARA_NBIOT_EVK/GCC_ARM/mbed-os/core/hal/common/SerialBase.o
                0x00002424                mbed::SerialBase::baud(int)
 .text._ZN4mbed10SerialBase6formatEiNS0_6ParityEi
                0x00002460       0x44 ./.build/SARA_NBIOT_EVK/GCC_ARM/mbed-os/core/hal/common/SerialBase.o
                0x00002460                mbed::SerialBase::format(int, mbed::SerialBase::Parity, int)
 .text._ZN4mbed10SerialBase8readableEv
                0x000024a4       0x38 ./.build/SARA_NBIOT_EVK/GCC_ARM/mbed-os/core/hal/common/SerialBase.o
                0x000024a4                mbed::SerialBase::readable()
 .text._ZN4mbed10SerialBase9writeableEv
                0x000024dc       0x38 ./.build/SARA_NBIOT_EVK/GCC_ARM/mbed-os/core/hal/common/SerialBase.o
                0x000024dc                mbed::SerialBase::writeable()
 .text._ZN4mbed10SerialBase12_irq_handlerEm9SerialIrq
                0x00002514       0x30 ./.build/SARA_NBIOT_EVK/GCC_ARM/mbed-os/core/hal/common/SerialBase.o
                0x00002514                mbed::SerialBase::_irq_handler(unsigned long, SerialIrq)
 .text._ZN4mbed10SerialBase10_base_getcEv
                0x00002544       0x18 ./.build/SARA_NBIOT_EVK/GCC_ARM/mbed-os/core/hal/common/SerialBase.o
                0x00002544                mbed::SerialBase::_base_getc()
 .text._ZN4mbed10SerialBase10_base_putcEi
                0x0000255c       0x20 ./.build/SARA_NBIOT_EVK/GCC_ARM/mbed-os/core/hal/common/SerialBase.o
                0x0000255c                mbed::SerialBase::_base_putc(int)
 .text._ZN4mbed10SerialBase4lockEv
                0x0000257c        0xc ./.build/SARA_NBIOT_EVK/GCC_ARM/mbed-os/core/hal/common/SerialBase.o
                0x0000257c                mbed::SerialBase::lock()
 .text._ZN4mbed10SerialBase6unlockEv
                0x00002588        0xc ./.build/SARA_NBIOT_EVK/GCC_ARM/mbed-os/core/hal/common/SerialBase.o
                0x00002588                mbed::SerialBase::unlock()
 .text._ZN4mbed6TickerD2Ev
                0x00002594       0x38 ./.build/SARA_NBIOT_EVK/GCC_ARM/mbed-os/core/hal/common/Ticker.o
                0x00002594                mbed::Ticker::~Ticker()
                0x00002594                mbed::Ticker::~Ticker()
 .text._ZN4mbed6TickerD0Ev
                0x000025cc       0x20 ./.build/SARA_NBIOT_EVK/GCC_ARM/mbed-os/core/hal/common/Ticker.o
                0x000025cc                mbed::Ticker::~Ticker()
 .text._ZN4mbed6Ticker6detachEv
                0x000025ec       0x28 ./.build/SARA_NBIOT_EVK/GCC_ARM/mbed-os/core/hal/common/Ticker.o
                0x000025ec                mbed::Ticker::detach()
 .text._ZN4mbed6Ticker7handlerEv
                0x00002614       0x28 ./.build/SARA_NBIOT_EVK/GCC_ARM/mbed-os/core/hal/common/Ticker.o
                0x00002614                mbed::Ticker::handler()
 .text._ZN4mbed7Timeout7handlerEv
                0x0000263c       0x18 ./.build/SARA_NBIOT_EVK/GCC_ARM/mbed-os/core/hal/common/Timeout.o
                0x0000263c                mbed::Timeout::handler()
 .text._ZN4mbed7TimeoutD2Ev
                0x00002654       0x30 ./.build/SARA_NBIOT_EVK/GCC_ARM/mbed-os/core/hal/common/Timeout.o
                0x00002654                mbed::Timeout::~Timeout()
                0x00002654                mbed::Timeout::~Timeout()
 .text._ZN4mbed7TimeoutD0Ev
                0x00002684       0x20 ./.build/SARA_NBIOT_EVK/GCC_ARM/mbed-os/core/hal/common/Timeout.o
                0x00002684                mbed::Timeout::~Timeout()
 .text._ZN4mbed6SerialC2E7PinNameS1_PKc
                0x000026a4       0x74 ./.build/SARA_NBIOT_EVK/GCC_ARM/mbed-os/core/hal/common/Serial.o
                0x000026a4                mbed::Serial::Serial(PinName, PinName, char const*)
                0x000026a4                mbed::Serial::Serial(PinName, PinName, char const*)
 .text._ZN4mbed6Serial5_getcEv
                0x00002718       0x18 ./.build/SARA_NBIOT_EVK/GCC_ARM/mbed-os/core/hal/common/Serial.o
                0x00002718                mbed::Serial::_getc()
 .text._ZThn64_N4mbed6Serial5_getcEv
                0x00002730       0x10 ./.build/SARA_NBIOT_EVK/GCC_ARM/mbed-os/core/hal/common/Serial.o
                0x00002730                non-virtual thunk to mbed::Serial::_getc()
 .text._ZN4mbed6Serial5_putcEi
                0x00002740       0x1c ./.build/SARA_NBIOT_EVK/GCC_ARM/mbed-os/core/hal/common/Serial.o
                0x00002740                mbed::Serial::_putc(int)
 .text._ZThn64_N4mbed6Serial5_putcEi
                0x0000275c       0x10 ./.build/SARA_NBIOT_EVK/GCC_ARM/mbed-os/core/hal/common/Serial.o
                0x0000275c                non-virtual thunk to mbed::Serial::_putc(int)
 .text._ZN4mbed6Serial4lockEv
                0x0000276c       0x20 ./.build/SARA_NBIOT_EVK/GCC_ARM/mbed-os/core/hal/common/Serial.o
                0x0000276c                mbed::Serial::lock()
 .text._ZThn64_N4mbed6Serial4lockEv
                0x0000278c       0x10 ./.build/SARA_NBIOT_EVK/GCC_ARM/mbed-os/core/hal/common/Serial.o
                0x0000278c                non-virtual thunk to mbed::Serial::lock()
 .text._ZN4mbed6Serial6unlockEv
                0x0000279c       0x18 ./.build/SARA_NBIOT_EVK/GCC_ARM/mbed-os/core/hal/common/Serial.o
                0x0000279c                mbed::Serial::unlock()
 .text._ZThn64_N4mbed6Serial6unlockEv
                0x000027b4       0x10 ./.build/SARA_NBIOT_EVK/GCC_ARM/mbed-os/core/hal/common/Serial.o
                0x000027b4                non-virtual thunk to mbed::Serial::unlock()
 .text._ZN4mbed6SerialD2Ev
                0x000027c4       0x78 ./.build/SARA_NBIOT_EVK/GCC_ARM/mbed-os/core/hal/common/Serial.o
                0x000027c4                mbed::Serial::~Serial()
                0x000027c4                mbed::Serial::~Serial()
                0x0000281c                non-virtual thunk to mbed::Serial::~Serial()
                0x0000282c                non-virtual thunk to mbed::Serial::~Serial()
 .text._ZN4mbed6SerialD0Ev
                0x0000283c       0x40 ./.build/SARA_NBIOT_EVK/GCC_ARM/mbed-os/core/hal/common/Serial.o
                0x0000283c                mbed::Serial::~Serial()
                0x0000285c                non-virtual thunk to mbed::Serial::~Serial()
                0x0000286c                non-virtual thunk to mbed::Serial::~Serial()
 .text._ZN4mbed6StreamC2EPKc
                0x0000287c       0x68 ./.build/SARA_NBIOT_EVK/GCC_ARM/mbed-os/core/hal/common/Stream.o
                0x0000287c                mbed::Stream::Stream(char const*)
                0x0000287c                mbed::Stream::Stream(char const*)
 .text._ZN4mbed6StreamD2Ev
                0x000028e4       0x44 ./.build/SARA_NBIOT_EVK/GCC_ARM/mbed-os/core/hal/common/Stream.o
                0x000028e4                mbed::Stream::~Stream()
                0x000028e4                mbed::Stream::~Stream()
 .text._ZN4mbed6Stream4getcEv
                0x00002928       0x44 ./.build/SARA_NBIOT_EVK/GCC_ARM/mbed-os/core/hal/common/Stream.o
                0x00002928                mbed::Stream::getc()
 .text._ZN4mbed6Stream5closeEv
                0x0000296c        0xc ./.build/SARA_NBIOT_EVK/GCC_ARM/mbed-os/core/hal/common/Stream.o
                0x0000296c                mbed::Stream::close()
 .text._ZN4mbed6Stream5writeEPKvj
                0x00002978       0x70 ./.build/SARA_NBIOT_EVK/GCC_ARM/mbed-os/core/hal/common/Stream.o
                0x00002978                mbed::Stream::write(void const*, unsigned int)
 .text._ZN4mbed6Stream4readEPvj
                0x000029e8       0x70 ./.build/SARA_NBIOT_EVK/GCC_ARM/mbed-os/core/hal/common/Stream.o
                0x000029e8                mbed::Stream::read(void*, unsigned int)
 .text._ZN4mbed6Stream5lseekEli
                0x00002a58       0x10 ./.build/SARA_NBIOT_EVK/GCC_ARM/mbed-os/core/hal/common/Stream.o
                0x00002a58                mbed::Stream::lseek(long, int)
 .text._ZN4mbed6Stream6isattyEv
                0x00002a68        0xc ./.build/SARA_NBIOT_EVK/GCC_ARM/mbed-os/core/hal/common/Stream.o
                0x00002a68                mbed::Stream::isatty()
 .text._ZN4mbed6Stream5fsyncEv
                0x00002a74        0xc ./.build/SARA_NBIOT_EVK/GCC_ARM/mbed-os/core/hal/common/Stream.o
                0x00002a74                mbed::Stream::fsync()
 .text._ZN4mbed6Stream4flenEv
                0x00002a80        0xc ./.build/SARA_NBIOT_EVK/GCC_ARM/mbed-os/core/hal/common/Stream.o
                0x00002a80                mbed::Stream::flen()
 .text._ZN4mbed6Stream6printfEPKcz
                0x00002a8c       0x50 ./.build/SARA_NBIOT_EVK/GCC_ARM/mbed-os/core/hal/common/Stream.o
                0x00002a8c                mbed::Stream::printf(char const*, ...)
 .text.mbed_assert_internal
                0x00002adc       0x28 ./.build/SARA_NBIOT_EVK/GCC_ARM/mbed-os/core/hal/common/assert.o
                0x00002adc                mbed_assert_internal
 .text._ZN4mbed5TimerC2Ev
                0x00002b04       0x34 ./.build/SARA_NBIOT_EVK/GCC_ARM/mbed-os/core/hal/common/Timer.o
                0x00002b04                mbed::Timer::Timer()
                0x00002b04                mbed::Timer::Timer()
 .text._ZN4mbed5Timer5startEv
                0x00002b38       0x34 ./.build/SARA_NBIOT_EVK/GCC_ARM/mbed-os/core/hal/common/Timer.o
                0x00002b38                mbed::Timer::start()
 .text._ZN4mbed5Timer7read_usEv
                0x00002b6c       0x28 ./.build/SARA_NBIOT_EVK/GCC_ARM/mbed-os/core/hal/common/Timer.o
                0x00002b6c                mbed::Timer::read_us()
 .text._ZN4mbed5Timer4readEv
                0x00002b94       0x2c ./.build/SARA_NBIOT_EVK/GCC_ARM/mbed-os/core/hal/common/Timer.o
                0x00002b94                mbed::Timer::read()
 .text._ZN4mbed5Timer9slicetimeEv
                0x00002bc0       0x38 ./.build/SARA_NBIOT_EVK/GCC_ARM/mbed-os/core/hal/common/Timer.o
                0x00002bc0                mbed::Timer::slicetime()
 .text._ZN4mbed5Timer5resetEv
                0x00002bf8       0x2c ./.build/SARA_NBIOT_EVK/GCC_ARM/mbed-os/core/hal/common/Timer.o
                0x00002bf8                mbed::Timer::reset()
 .text._ZN4mbed10TimerEventC2Ev
                0x00002c24       0x48 ./.build/SARA_NBIOT_EVK/GCC_ARM/mbed-os/core/hal/common/TimerEvent.o
                0x00002c24                mbed::TimerEvent::TimerEvent()
                0x00002c24                mbed::TimerEvent::TimerEvent()
 .text._ZN4mbed10TimerEvent3irqEm
                0x00002c6c       0x20 ./.build/SARA_NBIOT_EVK/GCC_ARM/mbed-os/core/hal/common/TimerEvent.o
                0x00002c6c                mbed::TimerEvent::irq(unsigned long)
 .text._ZN4mbed10TimerEventD2Ev
                0x00002c8c       0x30 ./.build/SARA_NBIOT_EVK/GCC_ARM/mbed-os/core/hal/common/TimerEvent.o
                0x00002c8c                mbed::TimerEvent::~TimerEvent()
                0x00002c8c                mbed::TimerEvent::~TimerEvent()
 .text._ZN4mbed10TimerEvent6insertEm
                0x00002cbc       0x20 ./.build/SARA_NBIOT_EVK/GCC_ARM/mbed-os/core/hal/common/TimerEvent.o
                0x00002cbc                mbed::TimerEvent::insert(unsigned long)
 .text._ZN4mbed10TimerEvent6removeEv
                0x00002cdc       0x1c ./.build/SARA_NBIOT_EVK/GCC_ARM/mbed-os/core/hal/common/TimerEvent.o
                0x00002cdc                mbed::TimerEvent::remove()
 .text.get_interrupts_disabled
                0x00002cf8       0x14 ./.build/SARA_NBIOT_EVK/GCC_ARM/mbed-os/core/hal/common/critical.o
 .text.core_util_critical_section_enter
                0x00002d0c       0x74 ./.build/SARA_NBIOT_EVK/GCC_ARM/mbed-os/core/hal/common/critical.o
                0x00002d0c                core_util_critical_section_enter
 .text.core_util_critical_section_exit
                0x00002d80       0x5c ./.build/SARA_NBIOT_EVK/GCC_ARM/mbed-os/core/hal/common/critical.o
                0x00002d80                core_util_critical_section_exit
 .text.error    0x00002ddc       0x1c ./.build/SARA_NBIOT_EVK/GCC_ARM/mbed-os/core/hal/common/error.o
                0x00002ddc                error
 .text.mbed_die
                0x00002df8       0x14 ./.build/SARA_NBIOT_EVK/GCC_ARM/mbed-os/core/hal/common/board.o
                0x00002df8                mbed_die
 .text.mbed_error_printf
                0x00002e0c       0x20 ./.build/SARA_NBIOT_EVK/GCC_ARM/mbed-os/core/hal/common/board.o
                0x00002e0c                mbed_error_printf
 .text.mbed_error_vfprintf
                0x00002e2c       0x70 ./.build/SARA_NBIOT_EVK/GCC_ARM/mbed-os/core/hal/common/board.o
                0x00002e2c                mbed_error_vfprintf
 .text._ZN4mbed10FileHandleD2Ev
                0x00002e9c       0x70 ./.build/SARA_NBIOT_EVK/GCC_ARM/mbed-os/core/hal/common/retarget.o
                0x00002e9c                mbed::FileHandle::~FileHandle()
                0x00002e9c                mbed::FileHandle::~FileHandle()
 .text._ZL11init_serialv
                0x00002f0c       0x24 ./.build/SARA_NBIOT_EVK/GCC_ARM/mbed-os/core/hal/common/retarget.o
 .text._ZL17openmode_to_posixi
                0x00002f30       0x1c ./.build/SARA_NBIOT_EVK/GCC_ARM/mbed-os/core/hal/common/retarget.o
 .text._open    0x00002f4c      0x1b8 ./.build/SARA_NBIOT_EVK/GCC_ARM/mbed-os/core/hal/common/retarget.o
                0x00002f4c                _open
 .text._close   0x00003104       0x50 ./.build/SARA_NBIOT_EVK/GCC_ARM/mbed-os/core/hal/common/retarget.o
                0x00003104                _close
 .text._write   0x00003154       0x8c ./.build/SARA_NBIOT_EVK/GCC_ARM/mbed-os/core/hal/common/retarget.o
                0x00003154                _write
 .text._read    0x000031e0       0x74 ./.build/SARA_NBIOT_EVK/GCC_ARM/mbed-os/core/hal/common/retarget.o
                0x000031e0                _read
 .text._isatty  0x00003254       0x44 ./.build/SARA_NBIOT_EVK/GCC_ARM/mbed-os/core/hal/common/retarget.o
                0x00003254                _isatty
 .text._lseek   0x00003298       0x48 ./.build/SARA_NBIOT_EVK/GCC_ARM/mbed-os/core/hal/common/retarget.o
                0x00003298                _lseek
 .text._fstat   0x000032e0       0x3c ./.build/SARA_NBIOT_EVK/GCC_ARM/mbed-os/core/hal/common/retarget.o
                0x000032e0                _fstat
 .text.__cxa_pure_virtual
                0x0000331c        0x8 ./.build/SARA_NBIOT_EVK/GCC_ARM/mbed-os/core/hal/common/retarget.o
                0x0000331c                __cxa_pure_virtual
 .text.__wrap__malloc_r
                0x00003324       0x1c ./.build/SARA_NBIOT_EVK/GCC_ARM/mbed-os/core/hal/common/retarget.o
                0x00003324                __wrap__malloc_r
 .text.__wrap__realloc_r
                0x00003340       0x20 ./.build/SARA_NBIOT_EVK/GCC_ARM/mbed-os/core/hal/common/retarget.o
                0x00003340                __wrap__realloc_r
 .text.__wrap__free_r
                0x00003360       0x1c ./.build/SARA_NBIOT_EVK/GCC_ARM/mbed-os/core/hal/common/retarget.o
                0x00003360                __wrap__free_r
 .text.software_init_hook
                0x0000337c        0xc ./.build/SARA_NBIOT_EVK/GCC_ARM/mbed-os/core/hal/common/retarget.o
                0x0000337c                software_init_hook
 .text.mbed_main
                0x00003388        0x4 ./.build/SARA_NBIOT_EVK/GCC_ARM/mbed-os/core/hal/common/retarget.o
                0x00003388                mbed_main
 .text.__wrap_main
                0x0000338c       0x14 ./.build/SARA_NBIOT_EVK/GCC_ARM/mbed-os/core/hal/common/retarget.o
                0x0000338c                __wrap_main
 .text._sbrk    0x000033a0       0x50 ./.build/SARA_NBIOT_EVK/GCC_ARM/mbed-os/core/hal/common/retarget.o
                0x000033a0                _sbrk
 .text._exit    0x000033f0       0x30 ./.build/SARA_NBIOT_EVK/GCC_ARM/mbed-os/core/hal/common/retarget.o
                0x000033f0                _exit
 .text._ZN4mbed26mbed_set_unbuffered_streamEP7__sFILE
                0x00003420       0x18 ./.build/SARA_NBIOT_EVK/GCC_ARM/mbed-os/core/hal/common/retarget.o
                0x00003420                mbed::mbed_set_unbuffered_stream(__sFILE*)
 .text._ZN4mbed9mbed_getcEP7__sFILE
                0x00003438       0x18 ./.build/SARA_NBIOT_EVK/GCC_ARM/mbed-os/core/hal/common/retarget.o
                0x00003438                mbed::mbed_getc(__sFILE*)
 .text._Z41__static_initialization_and_destruction_0ii
                0x00003450       0x40 ./.build/SARA_NBIOT_EVK/GCC_ARM/mbed-os/core/hal/common/retarget.o
 .text._GLOBAL__sub_I___stdin_name
                0x00003490       0x14 ./.build/SARA_NBIOT_EVK/GCC_ARM/mbed-os/core/hal/common/retarget.o
 .text.wait     0x000034a4       0x28 ./.build/SARA_NBIOT_EVK/GCC_ARM/mbed-os/core/hal/common/wait_api.o
                0x000034a4                wait
 .text.wait_ms  0x000034cc       0x1c ./.build/SARA_NBIOT_EVK/GCC_ARM/mbed-os/core/hal/common/wait_api.o
                0x000034cc                wait_ms
 .text.wait_us  0x000034e8       0x28 ./.build/SARA_NBIOT_EVK/GCC_ARM/mbed-os/core/hal/common/wait_api.o
                0x000034e8                wait_us
 .text.ticker_set_handler
                0x00003510       0x20 ./.build/SARA_NBIOT_EVK/GCC_ARM/mbed-os/core/hal/common/ticker_api.o
                0x00003510                ticker_set_handler
 .text.ticker_irq_handler
                0x00003530       0x80 ./.build/SARA_NBIOT_EVK/GCC_ARM/mbed-os/core/hal/common/ticker_api.o
                0x00003530                ticker_irq_handler
 .text.ticker_insert_event
                0x000035b0       0x7c ./.build/SARA_NBIOT_EVK/GCC_ARM/mbed-os/core/hal/common/ticker_api.o
                0x000035b0                ticker_insert_event
 .text.ticker_remove_event
                0x0000362c       0x80 ./.build/SARA_NBIOT_EVK/GCC_ARM/mbed-os/core/hal/common/ticker_api.o
                0x0000362c                ticker_remove_event
 .text.ticker_read
                0x000036ac       0x18 ./.build/SARA_NBIOT_EVK/GCC_ARM/mbed-os/core/hal/common/ticker_api.o
                0x000036ac                ticker_read
 .text.Reset_Handler
                0x000036c4       0x60 ./.build/SARA_NBIOT_EVK/GCC_ARM/mbed-os/core/hal/targets/cmsis/TARGET_ublox/TARGET_HI2110/TOOLCHAIN_GCC_ARM/startup_HI2110.o
                0x000036c4                Reset_Handler
 .text.Default_Handler
                0x00003724        0x2 ./.build/SARA_NBIOT_EVK/GCC_ARM/mbed-os/core/hal/targets/cmsis/TARGET_ublox/TARGET_HI2110/TOOLCHAIN_GCC_ARM/startup_HI2110.o
                0x00003724                HardFault_Handler
                0x00003724                NMI_Handler
                0x00003724                IRQ2_SECURITY_Handler
                0x00003724                IRQ15_I2C_Handler
                0x00003724                IRQ17_CAP_Handler
                0x00003724                IRQ10_SSP1_Handler
                0x00003724                IRQ11_PWM0IN_Handler
                0x00003724                Default_Handler
                0x00003724                IRQ13_PWM1IN_Handler
                0x00003724                IRQ6_DMA_Handler
                0x00003724                IRQ9_SSP0_Handler
                0x00003724                IRQ3_PROTOCOL_Handler
                0x00003724                IRQ12_PWM0OUT_Handler
                0x00003724                IRQ14_PWM1OUT_Handler
                0x00003724                IRQ4_APPS_Handler
 *fill*         0x00003726        0x2 
 .text.get_us_ticker_data
                0x00003728        0xc ./.build/SARA_NBIOT_EVK/GCC_ARM/mbed-os/core/hal/common/us_ticker_api.o
                0x00003728                get_us_ticker_data
 .text.us_ticker_irq_handler
                0x00003734       0x14 ./.build/SARA_NBIOT_EVK/GCC_ARM/mbed-os/core/hal/common/us_ticker_api.o
                0x00003734                us_ticker_irq_handler
 .text.SystemInit
                0x00003748       0xa4 ./.build/SARA_NBIOT_EVK/GCC_ARM/mbed-os/core/hal/targets/cmsis/TARGET_ublox/TARGET_HI2110/system_HI2110.o
                0x00003748                SystemInit
 .text.SystemAllowSleep
                0x000037ec       0x44 ./.build/SARA_NBIOT_EVK/GCC_ARM/mbed-os/core/hal/targets/cmsis/TARGET_ublox/TARGET_HI2110/system_HI2110.o
                0x000037ec                SystemAllowSleep
 .text.get_owner
                0x00003830       0xc0 ./.build/SARA_NBIOT_EVK/GCC_ARM/mbed-os/core/hal/targets/hal/TARGET_ublox/TARGET_HI2110/HI2110_init.o
 .text.HI2110_init
                0x000038f0       0x48 ./.build/SARA_NBIOT_EVK/GCC_ARM/mbed-os/core/hal/targets/hal/TARGET_ublox/TARGET_HI2110/HI2110_init.o
                0x000038f0                HI2110_init
 .text.IRQ5_GPIO_Handler
                0x00003938       0xc0 ./.build/SARA_NBIOT_EVK/GCC_ARM/mbed-os/core/hal/targets/hal/TARGET_ublox/TARGET_HI2110/gpio_irq_api.o
                0x00003938                IRQ5_GPIO_Handler
 .text.set_interrupt_to_32bit_overflow
                0x000039f8       0x40 ./.build/SARA_NBIOT_EVK/GCC_ARM/mbed-os/core/hal/targets/hal/TARGET_ublox/TARGET_HI2110/lp_ticker.o
 .text.set_interrupt_to_user_value
                0x00003a38       0x38 ./.build/SARA_NBIOT_EVK/GCC_ARM/mbed-os/core/hal/targets/hal/TARGET_ublox/TARGET_HI2110/lp_ticker.o
 .text.IRQ0_RTC_Handler
                0x00003a70       0xd0 ./.build/SARA_NBIOT_EVK/GCC_ARM/mbed-os/core/hal/targets/hal/TARGET_ublox/TARGET_HI2110/lp_ticker.o
                0x00003a70                IRQ0_RTC_Handler
 .text.mbed_sdk_init
                0x00003b40        0xc ./.build/SARA_NBIOT_EVK/GCC_ARM/mbed-os/core/hal/targets/hal/TARGET_ublox/TARGET_HI2110/mbed_overrides.o
                0x00003b40                mbed_sdk_init
 .text.clr_mask
                0x00003b4c       0x24 ./.build/SARA_NBIOT_EVK/GCC_ARM/mbed-os/core/hal/targets/hal/TARGET_ublox/TARGET_HI2110/pinmap.o
 .text.set_mask
                0x00003b70       0x24 ./.build/SARA_NBIOT_EVK/GCC_ARM/mbed-os/core/hal/targets/hal/TARGET_ublox/TARGET_HI2110/pinmap.o
 .text.func_reg
                0x00003b94       0x2c ./.build/SARA_NBIOT_EVK/GCC_ARM/mbed-os/core/hal/targets/hal/TARGET_ublox/TARGET_HI2110/pinmap.o
 .text.get_owner
                0x00003bc0       0x58 ./.build/SARA_NBIOT_EVK/GCC_ARM/mbed-os/core/hal/targets/hal/TARGET_ublox/TARGET_HI2110/pinmap.o
 .text.pin_function
                0x00003c18       0xe8 ./.build/SARA_NBIOT_EVK/GCC_ARM/mbed-os/core/hal/targets/hal/TARGET_ublox/TARGET_HI2110/pinmap.o
                0x00003c18                pin_function
 .text.NVIC_EnableIRQ
                0x00003d00       0x2c ./.build/SARA_NBIOT_EVK/GCC_ARM/mbed-os/core/hal/targets/hal/TARGET_ublox/TARGET_HI2110/serial_api.o
 .text.NVIC_DisableIRQ
                0x00003d2c       0x2c ./.build/SARA_NBIOT_EVK/GCC_ARM/mbed-os/core/hal/targets/hal/TARGET_ublox/TARGET_HI2110/serial_api.o
 .text.NVIC_SetPendingIRQ
                0x00003d58       0x2c ./.build/SARA_NBIOT_EVK/GCC_ARM/mbed-os/core/hal/targets/hal/TARGET_ublox/TARGET_HI2110/serial_api.o
 .text.NVIC_ClearPendingIRQ
                0x00003d84       0x2c ./.build/SARA_NBIOT_EVK/GCC_ARM/mbed-os/core/hal/targets/hal/TARGET_ublox/TARGET_HI2110/serial_api.o
 .text.init_config
                0x00003db0      0x1b8 ./.build/SARA_NBIOT_EVK/GCC_ARM/mbed-os/core/hal/targets/hal/TARGET_ublox/TARGET_HI2110/serial_api.o
 .text.deinit_config
                0x00003f68       0xac ./.build/SARA_NBIOT_EVK/GCC_ARM/mbed-os/core/hal/targets/hal/TARGET_ublox/TARGET_HI2110/serial_api.o
 .text.set_baud
                0x00004014       0xe0 ./.build/SARA_NBIOT_EVK/GCC_ARM/mbed-os/core/hal/targets/hal/TARGET_ublox/TARGET_HI2110/serial_api.o
 .text.irq_enable
                0x000040f4       0x54 ./.build/SARA_NBIOT_EVK/GCC_ARM/mbed-os/core/hal/targets/hal/TARGET_ublox/TARGET_HI2110/serial_api.o
 .text.irq_disable
                0x00004148       0x54 ./.build/SARA_NBIOT_EVK/GCC_ARM/mbed-os/core/hal/targets/hal/TARGET_ublox/TARGET_HI2110/serial_api.o
 .text.IRQ7_UART0_Handler
                0x0000419c       0x5c ./.build/SARA_NBIOT_EVK/GCC_ARM/mbed-os/core/hal/targets/hal/TARGET_ublox/TARGET_HI2110/serial_api.o
                0x0000419c                IRQ7_UART0_Handler
 .text.IRQ8_UART1_Handler
                0x000041f8       0x5c ./.build/SARA_NBIOT_EVK/GCC_ARM/mbed-os/core/hal/targets/hal/TARGET_ublox/TARGET_HI2110/serial_api.o
                0x000041f8                IRQ8_UART1_Handler
 .text.IRQ16_LPUART_Handler
                0x00004254       0x54 ./.build/SARA_NBIOT_EVK/GCC_ARM/mbed-os/core/hal/targets/hal/TARGET_ublox/TARGET_HI2110/serial_api.o
                0x00004254                IRQ16_LPUART_Handler
 .text.serial_init
                0x000042a8       0xc4 ./.build/SARA_NBIOT_EVK/GCC_ARM/mbed-os/core/hal/targets/hal/TARGET_ublox/TARGET_HI2110/serial_api.o
                0x000042a8                serial_init
 .text.serial_baud
                0x0000436c      0x1a4 ./.build/SARA_NBIOT_EVK/GCC_ARM/mbed-os/core/hal/targets/hal/TARGET_ublox/TARGET_HI2110/serial_api.o
                0x0000436c                serial_baud
 .text.serial_format
                0x00004510      0x204 ./.build/SARA_NBIOT_EVK/GCC_ARM/mbed-os/core/hal/targets/hal/TARGET_ublox/TARGET_HI2110/serial_api.o
                0x00004510                serial_format
 .text.serial_irq_handler
                0x00004714       0x2c ./.build/SARA_NBIOT_EVK/GCC_ARM/mbed-os/core/hal/targets/hal/TARGET_ublox/TARGET_HI2110/serial_api.o
                0x00004714                serial_irq_handler
 .text.serial_irq_set
                0x00004740      0x160 ./.build/SARA_NBIOT_EVK/GCC_ARM/mbed-os/core/hal/targets/hal/TARGET_ublox/TARGET_HI2110/serial_api.o
                0x00004740                serial_irq_set
 .text.serial_getc
                0x000048a0       0x70 ./.build/SARA_NBIOT_EVK/GCC_ARM/mbed-os/core/hal/targets/hal/TARGET_ublox/TARGET_HI2110/serial_api.o
                0x000048a0                serial_getc
 .text.serial_putc
                0x00004910       0x28 ./.build/SARA_NBIOT_EVK/GCC_ARM/mbed-os/core/hal/targets/hal/TARGET_ublox/TARGET_HI2110/serial_api.o
                0x00004910                serial_putc
 .text.serial_readable
                0x00004938       0x74 ./.build/SARA_NBIOT_EVK/GCC_ARM/mbed-os/core/hal/targets/hal/TARGET_ublox/TARGET_HI2110/serial_api.o
                0x00004938                serial_readable
 .text.serial_writable
                0x000049ac       0x1c ./.build/SARA_NBIOT_EVK/GCC_ARM/mbed-os/core/hal/targets/hal/TARGET_ublox/TARGET_HI2110/serial_api.o
                0x000049ac                serial_writable
 .text.NVIC_EnableIRQ
                0x000049c8       0x2c ./.build/SARA_NBIOT_EVK/GCC_ARM/mbed-os/core/hal/targets/hal/TARGET_ublox/TARGET_HI2110/us_ticker.o
 .text.NVIC_DisableIRQ
                0x000049f4       0x2c ./.build/SARA_NBIOT_EVK/GCC_ARM/mbed-os/core/hal/targets/hal/TARGET_ublox/TARGET_HI2110/us_ticker.o
 .text.NVIC_ClearPendingIRQ
                0x00004a20       0x2c ./.build/SARA_NBIOT_EVK/GCC_ARM/mbed-os/core/hal/targets/hal/TARGET_ublox/TARGET_HI2110/us_ticker.o
 .text.divide_by_48
                0x00004a4c       0x54 ./.build/SARA_NBIOT_EVK/GCC_ARM/mbed-os/core/hal/targets/hal/TARGET_ublox/TARGET_HI2110/us_ticker.o
 .text.IRQ1_TMR0_Handler
                0x00004aa0       0x70 ./.build/SARA_NBIOT_EVK/GCC_ARM/mbed-os/core/hal/targets/hal/TARGET_ublox/TARGET_HI2110/us_ticker.o
                0x00004aa0                IRQ1_TMR0_Handler
 .text.us_ticker_init
                0x00004b10       0x80 ./.build/SARA_NBIOT_EVK/GCC_ARM/mbed-os/core/hal/targets/hal/TARGET_ublox/TARGET_HI2110/us_ticker.o
                0x00004b10                us_ticker_init
 .text.us_ticker_read
                0x00004b90       0x68 ./.build/SARA_NBIOT_EVK/GCC_ARM/mbed-os/core/hal/targets/hal/TARGET_ublox/TARGET_HI2110/us_ticker.o
                0x00004b90                us_ticker_read
 .text.us_ticker_set_interrupt
                0x00004bf8       0xbc ./.build/SARA_NBIOT_EVK/GCC_ARM/mbed-os/core/hal/targets/hal/TARGET_ublox/TARGET_HI2110/us_ticker.o
                0x00004bf8                us_ticker_set_interrupt
 .text.us_ticker_disable_interrupt
                0x00004cb4        0xc ./.build/SARA_NBIOT_EVK/GCC_ARM/mbed-os/core/hal/targets/hal/TARGET_ublox/TARGET_HI2110/us_ticker.o
                0x00004cb4                us_ticker_disable_interrupt
 .text.us_ticker_clear_interrupt
                0x00004cc0        0xc ./.build/SARA_NBIOT_EVK/GCC_ARM/mbed-os/core/hal/targets/hal/TARGET_ublox/TARGET_HI2110/us_ticker.o
                0x00004cc0                us_ticker_clear_interrupt
 .text._ZN4rtos5MutexC2Ev
                0x00004ccc       0x4c ./.build/SARA_NBIOT_EVK/GCC_ARM/mbed-os/core/rtos/rtos/Mutex.o
                0x00004ccc                rtos::Mutex::Mutex()
                0x00004ccc                rtos::Mutex::Mutex()
 .text._ZN4rtos5Mutex4lockEm
                0x00004d18       0x20 ./.build/SARA_NBIOT_EVK/GCC_ARM/mbed-os/core/rtos/rtos/Mutex.o
                0x00004d18                rtos::Mutex::lock(unsigned long)
 .text._ZN4rtos5Mutex6unlockEv
                0x00004d38       0x18 ./.build/SARA_NBIOT_EVK/GCC_ARM/mbed-os/core/rtos/rtos/Mutex.o
                0x00004d38                rtos::Mutex::unlock()
 .text._ZN4rtos5MutexD2Ev
                0x00004d50       0x18 ./.build/SARA_NBIOT_EVK/GCC_ARM/mbed-os/core/rtos/rtos/Mutex.o
                0x00004d50                rtos::Mutex::~Mutex()
                0x00004d50                rtos::Mutex::~Mutex()
 .text.default_idle_hook
                0x00004d68        0x4 ./.build/SARA_NBIOT_EVK/GCC_ARM/mbed-os/core/rtos/rtos/rtos_idle.o
 .text.rtos_idle_loop
                0x00004d6c       0x10 ./.build/SARA_NBIOT_EVK/GCC_ARM/mbed-os/core/rtos/rtos/rtos_idle.o
                0x00004d6c                rtos_idle_loop
 .text.rt_init_stack
                0x00004d7c       0xfc ./.build/SARA_NBIOT_EVK/GCC_ARM/mbed-os/core/rtos/rtx/TARGET_CORTEX_M/HAL_CM.o
                0x00004d7c                rt_init_stack
 .text.rt_ret_regs
                0x00004e78       0x10 ./.build/SARA_NBIOT_EVK/GCC_ARM/mbed-os/core/rtos/rtx/TARGET_CORTEX_M/HAL_CM.o
 .text.rt_ret_val
                0x00004e88       0x20 ./.build/SARA_NBIOT_EVK/GCC_ARM/mbed-os/core/rtos/rtx/TARGET_CORTEX_M/HAL_CM.o
                0x00004e88                rt_ret_val
 .text.rt_ret_val2
                0x00004ea8       0x2c ./.build/SARA_NBIOT_EVK/GCC_ARM/mbed-os/core/rtos/rtx/TARGET_CORTEX_M/HAL_CM.o
                0x00004ea8                rt_ret_val2
 .text.os_idle_demon
                0x00004ed4        0xc ./.build/SARA_NBIOT_EVK/GCC_ARM/mbed-os/core/rtos/rtx/TARGET_CORTEX_M/RTX_Conf_CM.o
                0x00004ed4                os_idle_demon
 .text.os_error
                0x00004ee0       0x24 ./.build/SARA_NBIOT_EVK/GCC_ARM/mbed-os/core/rtos/rtx/TARGET_CORTEX_M/RTX_Conf_CM.o
                0x00004ee0                os_error
 .text.set_main_stack
                0x00004f04       0x24 ./.build/SARA_NBIOT_EVK/GCC_ARM/mbed-os/core/rtos/rtx/TARGET_CORTEX_M/RTX_Conf_CM.o
                0x00004f04                set_main_stack
 .text.pre_main
                0x00004f28       0x44 ./.build/SARA_NBIOT_EVK/GCC_ARM/mbed-os/core/rtos/rtx/TARGET_CORTEX_M/RTX_Conf_CM.o
                0x00004f28                pre_main
 .text.software_init_hook_rtos
                0x00004f6c       0x1c ./.build/SARA_NBIOT_EVK/GCC_ARM/mbed-os/core/rtos/rtx/TARGET_CORTEX_M/RTX_Conf_CM.o
                0x00004f6c                software_init_hook_rtos
 .text.rt_ms2tick
                0x00004f88       0x6c ./.build/SARA_NBIOT_EVK/GCC_ARM/mbed-os/core/rtos/rtx/TARGET_CORTEX_M/rt_CMSIS.o
 .text.rt_tid2ptcb
                0x00004ff4       0x34 ./.build/SARA_NBIOT_EVK/GCC_ARM/mbed-os/core/rtos/rtx/TARGET_CORTEX_M/rt_CMSIS.o
                0x00004ff4                rt_tid2ptcb
 .text.rt_id2obj
                0x00005028       0x18 ./.build/SARA_NBIOT_EVK/GCC_ARM/mbed-os/core/rtos/rtx/TARGET_CORTEX_M/rt_CMSIS.o
 .text.svcKernelInitialize
                0x00005040       0x74 ./.build/SARA_NBIOT_EVK/GCC_ARM/mbed-os/core/rtos/rtx/TARGET_CORTEX_M/rt_CMSIS.o
                0x00005040                svcKernelInitialize
 .text.svcKernelStart
                0x000050b4       0x6c ./.build/SARA_NBIOT_EVK/GCC_ARM/mbed-os/core/rtos/rtx/TARGET_CORTEX_M/rt_CMSIS.o
                0x000050b4                svcKernelStart
 .text.svcKernelRunning
                0x00005120        0xc ./.build/SARA_NBIOT_EVK/GCC_ARM/mbed-os/core/rtos/rtx/TARGET_CORTEX_M/rt_CMSIS.o
                0x00005120                svcKernelRunning
 .text.osKernelInitialize
                0x0000512c       0x40 ./.build/SARA_NBIOT_EVK/GCC_ARM/mbed-os/core/rtos/rtx/TARGET_CORTEX_M/rt_CMSIS.o
                0x0000512c                osKernelInitialize
 .text.osKernelStart
                0x0000516c       0xe0 ./.build/SARA_NBIOT_EVK/GCC_ARM/mbed-os/core/rtos/rtx/TARGET_CORTEX_M/rt_CMSIS.o
                0x0000516c                osKernelStart
 .text.osKernelRunning
                0x0000524c       0x3c ./.build/SARA_NBIOT_EVK/GCC_ARM/mbed-os/core/rtos/rtx/TARGET_CORTEX_M/rt_CMSIS.o
                0x0000524c                osKernelRunning
 .text.sysThreadError
                0x00005288        0xc ./.build/SARA_NBIOT_EVK/GCC_ARM/mbed-os/core/rtos/rtx/TARGET_CORTEX_M/rt_CMSIS.o
 .text.svcThreadCreate
                0x00005294       0xdc ./.build/SARA_NBIOT_EVK/GCC_ARM/mbed-os/core/rtos/rtx/TARGET_CORTEX_M/rt_CMSIS.o
                0x00005294                svcThreadCreate
 .text.svcThreadGetId
                0x00005370       0x2c ./.build/SARA_NBIOT_EVK/GCC_ARM/mbed-os/core/rtos/rtx/TARGET_CORTEX_M/rt_CMSIS.o
                0x00005370                svcThreadGetId
 .text.svcThreadTerminate
                0x0000539c       0x60 ./.build/SARA_NBIOT_EVK/GCC_ARM/mbed-os/core/rtos/rtx/TARGET_CORTEX_M/rt_CMSIS.o
                0x0000539c                svcThreadTerminate
 .text.osThreadCreate
                0x000053fc       0x1c ./.build/SARA_NBIOT_EVK/GCC_ARM/mbed-os/core/rtos/rtx/TARGET_CORTEX_M/rt_CMSIS.o
                0x000053fc                osThreadCreate
 .text.osThreadContextCreate
                0x00005418       0x6c ./.build/SARA_NBIOT_EVK/GCC_ARM/mbed-os/core/rtos/rtx/TARGET_CORTEX_M/rt_CMSIS.o
                0x00005418                osThreadContextCreate
 .text.osThreadExit
                0x00005484       0x20 ./.build/SARA_NBIOT_EVK/GCC_ARM/mbed-os/core/rtos/rtx/TARGET_CORTEX_M/rt_CMSIS.o
                0x00005484                osThreadExit
 .text.rt_timer_insert
                0x000054a4       0x78 ./.build/SARA_NBIOT_EVK/GCC_ARM/mbed-os/core/rtos/rtx/TARGET_CORTEX_M/rt_CMSIS.o
 .text.sysTimerTick
                0x0000551c       0x88 ./.build/SARA_NBIOT_EVK/GCC_ARM/mbed-os/core/rtos/rtx/TARGET_CORTEX_M/rt_CMSIS.o
                0x0000551c                sysTimerTick
 .text.svcMutexCreate
                0x000055a4       0x50 ./.build/SARA_NBIOT_EVK/GCC_ARM/mbed-os/core/rtos/rtx/TARGET_CORTEX_M/rt_CMSIS.o
                0x000055a4                svcMutexCreate
 .text.svcMutexWait
                0x000055f4       0x60 ./.build/SARA_NBIOT_EVK/GCC_ARM/mbed-os/core/rtos/rtx/TARGET_CORTEX_M/rt_CMSIS.o
                0x000055f4                svcMutexWait
 .text.svcMutexRelease
                0x00005654       0x48 ./.build/SARA_NBIOT_EVK/GCC_ARM/mbed-os/core/rtos/rtx/TARGET_CORTEX_M/rt_CMSIS.o
                0x00005654                svcMutexRelease
 .text.svcMutexDelete
                0x0000569c       0x38 ./.build/SARA_NBIOT_EVK/GCC_ARM/mbed-os/core/rtos/rtx/TARGET_CORTEX_M/rt_CMSIS.o
                0x0000569c                svcMutexDelete
 .text.osMutexCreate
                0x000056d4       0x58 ./.build/SARA_NBIOT_EVK/GCC_ARM/mbed-os/core/rtos/rtx/TARGET_CORTEX_M/rt_CMSIS.o
                0x000056d4                osMutexCreate
 .text.osMutexWait
                0x0000572c       0x38 ./.build/SARA_NBIOT_EVK/GCC_ARM/mbed-os/core/rtos/rtx/TARGET_CORTEX_M/rt_CMSIS.o
                0x0000572c                osMutexWait
 .text.osMutexRelease
                0x00005764       0x30 ./.build/SARA_NBIOT_EVK/GCC_ARM/mbed-os/core/rtos/rtx/TARGET_CORTEX_M/rt_CMSIS.o
                0x00005764                osMutexRelease
 .text.osMutexDelete
                0x00005794       0x30 ./.build/SARA_NBIOT_EVK/GCC_ARM/mbed-os/core/rtos/rtx/TARGET_CORTEX_M/rt_CMSIS.o
                0x00005794                osMutexDelete
 .text.svcMessageCreate
                0x000057c4       0x60 ./.build/SARA_NBIOT_EVK/GCC_ARM/mbed-os/core/rtos/rtx/TARGET_CORTEX_M/rt_CMSIS.o
                0x000057c4                svcMessageCreate
 .text.isrMessagePut
                0x00005824       0x4c ./.build/SARA_NBIOT_EVK/GCC_ARM/mbed-os/core/rtos/rtx/TARGET_CORTEX_M/rt_CMSIS.o
                0x00005824                isrMessagePut
 .text.rt_inc_qi
                0x00005870       0x54 ./.build/SARA_NBIOT_EVK/GCC_ARM/mbed-os/core/rtos/rtx/TARGET_CORTEX_M/rt_List.o
 .text.rt_put_prio
                0x000058c4       0x84 ./.build/SARA_NBIOT_EVK/GCC_ARM/mbed-os/core/rtos/rtx/TARGET_CORTEX_M/rt_List.o
                0x000058c4                rt_put_prio
 .text.rt_get_first
                0x00005948       0x58 ./.build/SARA_NBIOT_EVK/GCC_ARM/mbed-os/core/rtos/rtx/TARGET_CORTEX_M/rt_List.o
                0x00005948                rt_get_first
 .text.rt_put_rdy_first
                0x000059a0       0x24 ./.build/SARA_NBIOT_EVK/GCC_ARM/mbed-os/core/rtos/rtx/TARGET_CORTEX_M/rt_List.o
                0x000059a0                rt_put_rdy_first
 .text.rt_resort_prio
                0x000059c4       0x50 ./.build/SARA_NBIOT_EVK/GCC_ARM/mbed-os/core/rtos/rtx/TARGET_CORTEX_M/rt_List.o
                0x000059c4                rt_resort_prio
 .text.rt_put_dly
                0x00005a14       0xc8 ./.build/SARA_NBIOT_EVK/GCC_ARM/mbed-os/core/rtos/rtx/TARGET_CORTEX_M/rt_List.o
                0x00005a14                rt_put_dly
 .text.rt_dec_dly
                0x00005adc       0xcc ./.build/SARA_NBIOT_EVK/GCC_ARM/mbed-os/core/rtos/rtx/TARGET_CORTEX_M/rt_List.o
                0x00005adc                rt_dec_dly
 .text.rt_rmv_list
                0x00005ba8       0x5c ./.build/SARA_NBIOT_EVK/GCC_ARM/mbed-os/core/rtos/rtx/TARGET_CORTEX_M/rt_List.o
                0x00005ba8                rt_rmv_list
 .text.rt_rmv_dly
                0x00005c04       0x54 ./.build/SARA_NBIOT_EVK/GCC_ARM/mbed-os/core/rtos/rtx/TARGET_CORTEX_M/rt_List.o
                0x00005c04                rt_rmv_dly
 .text.rt_psq_enq
                0x00005c58       0x5c ./.build/SARA_NBIOT_EVK/GCC_ARM/mbed-os/core/rtos/rtx/TARGET_CORTEX_M/rt_List.o
                0x00005c58                rt_psq_enq
 .text._init_box
                0x00005cb4       0xa4 ./.build/SARA_NBIOT_EVK/GCC_ARM/mbed-os/core/rtos/rtx/TARGET_CORTEX_M/rt_MemBox.o
                0x00005cb4                _init_box
 .text.rt_alloc_box
                0x00005d58       0x38 ./.build/SARA_NBIOT_EVK/GCC_ARM/mbed-os/core/rtos/rtx/TARGET_CORTEX_M/rt_MemBox.o
                0x00005d58                rt_alloc_box
 .text.rt_free_box
                0x00005d90       0x4c ./.build/SARA_NBIOT_EVK/GCC_ARM/mbed-os/core/rtos/rtx/TARGET_CORTEX_M/rt_MemBox.o
                0x00005d90                rt_free_box
 .text.rt_mbx_init
                0x00005ddc       0x50 ./.build/SARA_NBIOT_EVK/GCC_ARM/mbed-os/core/rtos/rtx/TARGET_CORTEX_M/rt_Mailbox.o
                0x00005ddc                rt_mbx_init
 .text.rt_mbx_check
                0x00005e2c       0x1c ./.build/SARA_NBIOT_EVK/GCC_ARM/mbed-os/core/rtos/rtx/TARGET_CORTEX_M/rt_Mailbox.o
                0x00005e2c                rt_mbx_check
 .text.isr_mbx_send
                0x00005e48       0x24 ./.build/SARA_NBIOT_EVK/GCC_ARM/mbed-os/core/rtos/rtx/TARGET_CORTEX_M/rt_Mailbox.o
                0x00005e48                isr_mbx_send
 .text.rt_mbx_psh
                0x00005e6c      0x180 ./.build/SARA_NBIOT_EVK/GCC_ARM/mbed-os/core/rtos/rtx/TARGET_CORTEX_M/rt_Mailbox.o
                0x00005e6c                rt_mbx_psh
 .text.rt_evt_psh
                0x00005fec       0xc8 ./.build/SARA_NBIOT_EVK/GCC_ARM/mbed-os/core/rtos/rtx/TARGET_CORTEX_M/rt_Event.o
                0x00005fec                rt_evt_psh
 .text.rt_init_robin
                0x000060b4       0x1c ./.build/SARA_NBIOT_EVK/GCC_ARM/mbed-os/core/rtos/rtx/TARGET_CORTEX_M/rt_Robin.o
                0x000060b4                rt_init_robin
 .text.rt_chk_robin
                0x000060d0       0x70 ./.build/SARA_NBIOT_EVK/GCC_ARM/mbed-os/core/rtos/rtx/TARGET_CORTEX_M/rt_Robin.o
                0x000060d0                rt_chk_robin
 .text.rt_mut_init
                0x00006140       0x2c ./.build/SARA_NBIOT_EVK/GCC_ARM/mbed-os/core/rtos/rtx/TARGET_CORTEX_M/rt_Mutex.o
                0x00006140                rt_mut_init
 .text.rt_mut_delete
                0x0000616c      0x144 ./.build/SARA_NBIOT_EVK/GCC_ARM/mbed-os/core/rtos/rtx/TARGET_CORTEX_M/rt_Mutex.o
                0x0000616c                rt_mut_delete
 .text.rt_mut_release
                0x000062b0      0x190 ./.build/SARA_NBIOT_EVK/GCC_ARM/mbed-os/core/rtos/rtx/TARGET_CORTEX_M/rt_Mutex.o
                0x000062b0                rt_mut_release
 .text.rt_mut_wait
                0x00006440       0xd0 ./.build/SARA_NBIOT_EVK/GCC_ARM/mbed-os/core/rtos/rtx/TARGET_CORTEX_M/rt_Mutex.o
                0x00006440                rt_mut_wait
 .text.rt_sem_psh
                0x00006510       0x58 ./.build/SARA_NBIOT_EVK/GCC_ARM/mbed-os/core/rtos/rtx/TARGET_CORTEX_M/rt_Semaphore.o
                0x00006510                rt_sem_psh
 .text.rt_systick_init
                0x00006568       0x3c ./.build/SARA_NBIOT_EVK/GCC_ARM/mbed-os/core/rtos/rtx/TARGET_CORTEX_M/rt_System.o
 .text.rt_psh_req
                0x000065a4       0x2c ./.build/SARA_NBIOT_EVK/GCC_ARM/mbed-os/core/rtos/rtx/TARGET_CORTEX_M/rt_System.o
                0x000065a4                rt_psh_req
 .text.rt_pop_req
                0x000065d0       0xdc ./.build/SARA_NBIOT_EVK/GCC_ARM/mbed-os/core/rtos/rtx/TARGET_CORTEX_M/rt_System.o
                0x000065d0                rt_pop_req
 .text.os_tick_init
                0x000066ac       0x10 ./.build/SARA_NBIOT_EVK/GCC_ARM/mbed-os/core/rtos/rtx/TARGET_CORTEX_M/rt_System.o
                0x000066ac                os_tick_init
 .text.os_tick_irqack
                0x000066bc        0x4 ./.build/SARA_NBIOT_EVK/GCC_ARM/mbed-os/core/rtos/rtx/TARGET_CORTEX_M/rt_System.o
                0x000066bc                os_tick_irqack
 .text.rt_systick
                0x000066c0       0x54 ./.build/SARA_NBIOT_EVK/GCC_ARM/mbed-os/core/rtos/rtx/TARGET_CORTEX_M/rt_System.o
                0x000066c0                rt_systick
 .text.rt_stk_check
                0x00006714       0x3c ./.build/SARA_NBIOT_EVK/GCC_ARM/mbed-os/core/rtos/rtx/TARGET_CORTEX_M/rt_System.o
                0x00006714                rt_stk_check
 .text.rt_svc_init
                0x00006750       0x30 ./.build/SARA_NBIOT_EVK/GCC_ARM/mbed-os/core/rtos/rtx/TARGET_CORTEX_M/rt_Task.o
 .text.rt_get_TID
                0x00006780       0x3c ./.build/SARA_NBIOT_EVK/GCC_ARM/mbed-os/core/rtos/rtx/TARGET_CORTEX_M/rt_Task.o
 .text.rt_init_context
                0x000067bc       0x9c ./.build/SARA_NBIOT_EVK/GCC_ARM/mbed-os/core/rtos/rtx/TARGET_CORTEX_M/rt_Task.o
 .text.rt_switch_req
                0x00006858       0x40 ./.build/SARA_NBIOT_EVK/GCC_ARM/mbed-os/core/rtos/rtx/TARGET_CORTEX_M/rt_Task.o
                0x00006858                rt_switch_req
 .text.rt_dispatch
                0x00006898       0x6c ./.build/SARA_NBIOT_EVK/GCC_ARM/mbed-os/core/rtos/rtx/TARGET_CORTEX_M/rt_Task.o
                0x00006898                rt_dispatch
 .text.rt_block
                0x00006904       0x70 ./.build/SARA_NBIOT_EVK/GCC_ARM/mbed-os/core/rtos/rtx/TARGET_CORTEX_M/rt_Task.o
                0x00006904                rt_block
 .text.rt_tsk_self
                0x00006974       0x1c ./.build/SARA_NBIOT_EVK/GCC_ARM/mbed-os/core/rtos/rtx/TARGET_CORTEX_M/rt_Task.o
                0x00006974                rt_tsk_self
 .text.rt_tsk_prio
                0x00006990       0xe8 ./.build/SARA_NBIOT_EVK/GCC_ARM/mbed-os/core/rtos/rtx/TARGET_CORTEX_M/rt_Task.o
                0x00006990                rt_tsk_prio
 .text.rt_tsk_create
                0x00006a78       0x90 ./.build/SARA_NBIOT_EVK/GCC_ARM/mbed-os/core/rtos/rtx/TARGET_CORTEX_M/rt_Task.o
                0x00006a78                rt_tsk_create
 .text.rt_tsk_delete
                0x00006b08      0x23c ./.build/SARA_NBIOT_EVK/GCC_ARM/mbed-os/core/rtos/rtx/TARGET_CORTEX_M/rt_Task.o
                0x00006b08                rt_tsk_delete
 .text.rt_sys_init
                0x00006d44      0x110 ./.build/SARA_NBIOT_EVK/GCC_ARM/mbed-os/core/rtos/rtx/TARGET_CORTEX_M/rt_Task.o
                0x00006d44                rt_sys_init
 .text.rt_sys_start
                0x00006e54       0x7c ./.build/SARA_NBIOT_EVK/GCC_ARM/mbed-os/core/rtos/rtx/TARGET_CORTEX_M/rt_Task.o
                0x00006e54                rt_sys_start
 .text._Z25GREENTEA_TESTSUITE_RESULTi
                0x00006ed0       0x14 ./.build/SARA_NBIOT_EVK/GCC_ARM/mbed-os/frameworks/greentea-client/source/test_env.o
                0x00006ed0                GREENTEA_TESTSUITE_RESULT(int)
 .text._Z23greentea_write_preamblev
                0x00006ee4       0x20 ./.build/SARA_NBIOT_EVK/GCC_ARM/mbed-os/frameworks/greentea-client/source/test_env.o
                0x00006ee4                greentea_write_preamble()
 .text._Z24greentea_write_postamblev
                0x00006f04       0x28 ./.build/SARA_NBIOT_EVK/GCC_ARM/mbed-os/frameworks/greentea-client/source/test_env.o
                0x00006f04                greentea_write_postamble()
 .text._Z21greentea_write_stringPKc
                0x00006f2c       0x30 ./.build/SARA_NBIOT_EVK/GCC_ARM/mbed-os/frameworks/greentea-client/source/test_env.o
                0x00006f2c                greentea_write_string(char const*)
 .text._Z18greentea_write_inti
                0x00006f5c       0x4c ./.build/SARA_NBIOT_EVK/GCC_ARM/mbed-os/frameworks/greentea-client/source/test_env.o
                0x00006f5c                greentea_write_int(int)
 .text._Z16greentea_send_kvPKcS0_
                0x00006fa8       0x40 ./.build/SARA_NBIOT_EVK/GCC_ARM/mbed-os/frameworks/greentea-client/source/test_env.o
                0x00006fa8                greentea_send_kv(char const*, char const*)
 .text._Z16greentea_send_kvPKci
                0x00006fe8       0x3c ./.build/SARA_NBIOT_EVK/GCC_ARM/mbed-os/frameworks/greentea-client/source/test_env.o
                0x00006fe8                greentea_send_kv(char const*, int)
 .text._Z16greentea_send_kvPKcS0_ii
                0x00007024       0x64 ./.build/SARA_NBIOT_EVK/GCC_ARM/mbed-os/frameworks/greentea-client/source/test_env.o
                0x00007024                greentea_send_kv(char const*, char const*, int, int)
 .text._Z16greentea_send_kvPKcii
                0x00007088       0x50 ./.build/SARA_NBIOT_EVK/GCC_ARM/mbed-os/frameworks/greentea-client/source/test_env.o
                0x00007088                greentea_send_kv(char const*, int, int)
 .text._ZL26greentea_notify_completioni
                0x000070d8       0x48 ./.build/SARA_NBIOT_EVK/GCC_ARM/mbed-os/frameworks/greentea-client/source/test_env.o
 .text._Z41__static_initialization_and_destruction_0ii
                0x00007120       0x44 ./.build/SARA_NBIOT_EVK/GCC_ARM/mbed-os/frameworks/greentea-client/source/test_env.o
 .text._GLOBAL__sub_I_GREENTEA_TEST_ENV_END
                0x00007164       0x14 ./.build/SARA_NBIOT_EVK/GCC_ARM/mbed-os/frameworks/greentea-client/source/test_env.o
 .text._ZN5utest2v19control_tC2ENS0_8repeat_tEm
                0x00007178       0x28 ./.build/SARA_NBIOT_EVK/GCC_ARM/mbed-os/frameworks/utest/mbed-utest-shim.o
                0x00007178                utest::v1::control_t::control_t(utest::v1::repeat_t, unsigned long)
                0x00007178                utest::v1::control_t::control_t(utest::v1::repeat_t, unsigned long)
 .text._ZN5utest2v19control_tC2ENS0_8repeat_tE
                0x000071a0       0x28 ./.build/SARA_NBIOT_EVK/GCC_ARM/mbed-os/frameworks/utest/mbed-utest-shim.o
                0x000071a0                utest::v1::control_t::control_t(utest::v1::repeat_t)
                0x000071a0                utest::v1::control_t::control_t(utest::v1::repeat_t)
 .text._ZN5utest2v19control_tC2Em
                0x000071c8       0x1c ./.build/SARA_NBIOT_EVK/GCC_ARM/mbed-os/frameworks/utest/mbed-utest-shim.o
                0x000071c8                utest::v1::control_t::control_t(unsigned long)
                0x000071c8                utest::v1::control_t::control_t(unsigned long)
 .text._Z41__static_initialization_and_destruction_0ii
                0x000071e4       0xac ./.build/SARA_NBIOT_EVK/GCC_ARM/mbed-os/frameworks/utest/mbed-utest-shim.o
 .text._GLOBAL__sub_I_utest_v1_enter_critical_section
                0x00007290       0x14 ./.build/SARA_NBIOT_EVK/GCC_ARM/mbed-os/frameworks/utest/mbed-utest-shim.o
 .text._ZNK5utest2v14Case15get_descriptionEv
                0x000072a4       0x10 ./.build/SARA_NBIOT_EVK/GCC_ARM/mbed-os/frameworks/utest/source/utest_case.o
                0x000072a4                utest::v1::Case::get_description() const
 .text._Z41__static_initialization_and_destruction_0ii
                0x000072b4       0xac ./.build/SARA_NBIOT_EVK/GCC_ARM/mbed-os/frameworks/utest/source/utest_case.o
 .text._GLOBAL__sub_I__ZN5utest2v14CaseC2EPKcPFNS0_8status_tEPKS1_jEPFvvEPFS4_S6_jjNS0_9failure_tEEPFS4_S6_SB_E
                0x00007360       0x14 ./.build/SARA_NBIOT_EVK/GCC_ARM/mbed-os/frameworks/utest/source/utest_case.o
 .text._Z41__static_initialization_and_destruction_0ii
                0x00007374       0xac ./.build/SARA_NBIOT_EVK/GCC_ARM/mbed-os/frameworks/utest/source/unity_handler.o
 .text._GLOBAL__sub_I_utest_unity_assert_failure
                0x00007420       0x14 ./.build/SARA_NBIOT_EVK/GCC_ARM/mbed-os/frameworks/utest/source/unity_handler.o
 .text._ZN5utest2v129verbose_test_teardown_handlerEjjNS0_9failure_tE
                0x00007434       0x70 ./.build/SARA_NBIOT_EVK/GCC_ARM/mbed-os/frameworks/utest/source/utest_default_handlers.o
                0x00007434                utest::v1::verbose_test_teardown_handler(unsigned int, unsigned int, utest::v1::failure_t)
 .text._ZN5utest2v128verbose_test_failure_handlerENS0_9failure_tE
                0x000074a4       0x38 ./.build/SARA_NBIOT_EVK/GCC_ARM/mbed-os/frameworks/utest/source/utest_default_handlers.o
                0x000074a4                utest::v1::verbose_test_failure_handler(utest::v1::failure_t)
 .text._ZN5utest2v126verbose_case_setup_handlerEPKNS0_4CaseEj
                0x000074dc       0x34 ./.build/SARA_NBIOT_EVK/GCC_ARM/mbed-os/frameworks/utest/source/utest_default_handlers.o
                0x000074dc                utest::v1::verbose_case_setup_handler(utest::v1::Case const*, unsigned int)
 .text._ZN5utest2v129verbose_case_teardown_handlerEPKNS0_4CaseEjjNS0_9failure_tE
                0x00007510       0x70 ./.build/SARA_NBIOT_EVK/GCC_ARM/mbed-os/frameworks/utest/source/utest_default_handlers.o
                0x00007510                utest::v1::verbose_case_teardown_handler(utest::v1::Case const*, unsigned int, unsigned int, utest::v1::failure_t)
 .text._ZN5utest2v128verbose_case_failure_handlerEPKNS0_4CaseENS0_9failure_tE
                0x00007580       0x4c ./.build/SARA_NBIOT_EVK/GCC_ARM/mbed-os/frameworks/utest/source/utest_default_handlers.o
                0x00007580                utest::v1::verbose_case_failure_handler(utest::v1::Case const*, utest::v1::failure_t)
 .text._Z41__static_initialization_and_destruction_0ii
                0x000075cc       0xac ./.build/SARA_NBIOT_EVK/GCC_ARM/mbed-os/frameworks/utest/source/utest_default_handlers.o
 .text._GLOBAL__sub_I__ZN5utest2v125verbose_continue_handlersE
                0x00007678       0x14 ./.build/SARA_NBIOT_EVK/GCC_ARM/mbed-os/frameworks/utest/source/utest_default_handlers.o
 .text._ZL26unknown_test_setup_handlerj
                0x0000768c       0x34 ./.build/SARA_NBIOT_EVK/GCC_ARM/mbed-os/frameworks/utest/source/utest_greentea_handlers.o
 .text._ZL20test_failure_handlerN5utest2v19failure_tE
                0x000076c0       0x30 ./.build/SARA_NBIOT_EVK/GCC_ARM/mbed-os/frameworks/utest/source/utest_greentea_handlers.o
 .text._ZN5utest2v130greentea_test_teardown_handlerEjjNS0_9failure_tE
                0x000076f0       0x5c ./.build/SARA_NBIOT_EVK/GCC_ARM/mbed-os/frameworks/utest/source/utest_greentea_handlers.o
                0x000076f0                utest::v1::greentea_test_teardown_handler(unsigned int, unsigned int, utest::v1::failure_t)
 .text._ZN5utest2v127greentea_case_setup_handlerEPKNS0_4CaseEj
                0x0000774c       0x44 ./.build/SARA_NBIOT_EVK/GCC_ARM/mbed-os/frameworks/utest/source/utest_greentea_handlers.o
                0x0000774c                utest::v1::greentea_case_setup_handler(utest::v1::Case const*, unsigned int)
 .text._ZN5utest2v130greentea_case_teardown_handlerEPKNS0_4CaseEjjNS0_9failure_tE
                0x00007790       0x40 ./.build/SARA_NBIOT_EVK/GCC_ARM/mbed-os/frameworks/utest/source/utest_greentea_handlers.o
                0x00007790                utest::v1::greentea_case_teardown_handler(utest::v1::Case const*, unsigned int, unsigned int, utest::v1::failure_t)
 .text._ZN5utest2v135greentea_case_failure_abort_handlerEPKNS0_4CaseENS0_9failure_tE
                0x000077d0       0x38 ./.build/SARA_NBIOT_EVK/GCC_ARM/mbed-os/frameworks/utest/source/utest_greentea_handlers.o
                0x000077d0                utest::v1::greentea_case_failure_abort_handler(utest::v1::Case const*, utest::v1::failure_t)
 .text._Z41__static_initialization_and_destruction_0ii
                0x00007808       0xac ./.build/SARA_NBIOT_EVK/GCC_ARM/mbed-os/frameworks/utest/source/utest_greentea_handlers.o
 .text._GLOBAL__sub_I__ZN5utest2v123greentea_abort_handlersE
                0x000078b4       0x14 ./.build/SARA_NBIOT_EVK/GCC_ARM/mbed-os/frameworks/utest/source/utest_greentea_handlers.o
 .text._Z41__static_initialization_and_destruction_0ii
                0x000078c8       0xdc ./.build/SARA_NBIOT_EVK/GCC_ARM/mbed-os/frameworks/utest/source/utest_harness.o
 .text._GLOBAL__sub_I__ZN5utest2v17Harness13set_schedulerE20utest_v1_scheduler_t
                0x000079a4       0x14 ./.build/SARA_NBIOT_EVK/GCC_ARM/mbed-os/frameworks/utest/source/utest_harness.o
 .text._Z41__static_initialization_and_destruction_0ii
                0x000079b8       0x44 ./.build/SARA_NBIOT_EVK/GCC_ARM/mbed-os/frameworks/utest/source/utest_serial.o
 .text._GLOBAL__sub_I_utest_serial
                0x000079fc       0x14 ./.build/SARA_NBIOT_EVK/GCC_ARM/mbed-os/frameworks/utest/source/utest_serial.o
 .text._ZN4mbed6TickerC2Ev
                0x00007a10       0x2c ./.build/SARA_NBIOT_EVK/GCC_ARM/mbed-os/frameworks/utest/source/utest_shim.o
                0x00007a10                mbed::Ticker::Ticker()
                0x00007a10                mbed::Ticker::Ticker()
 .text._ZN4mbed7TimeoutC2Ev
                0x00007a3c       0x20 ./.build/SARA_NBIOT_EVK/GCC_ARM/mbed-os/frameworks/utest/source/utest_shim.o
                0x00007a3c                mbed::Timeout::Timeout()
                0x00007a3c                mbed::Timeout::Timeout()
 .text._Z41__static_initialization_and_destruction_0ii
                0x00007a5c       0x40 ./.build/SARA_NBIOT_EVK/GCC_ARM/mbed-os/frameworks/utest/source/utest_shim.o
 .text._GLOBAL__sub_I_utest_timeout_object
                0x00007a9c       0x14 ./.build/SARA_NBIOT_EVK/GCC_ARM/mbed-os/frameworks/utest/source/utest_shim.o
 .text._ZN5utest2v19stringifyENS0_16failure_reason_tE
                0x00007ab0      0x108 ./.build/SARA_NBIOT_EVK/GCC_ARM/mbed-os/frameworks/utest/source/utest_types.o
                0x00007ab0                utest::v1::stringify(utest::v1::failure_reason_t)
 .text._ZN5utest2v19stringifyENS0_10location_tE
                0x00007bb8       0x68 ./.build/SARA_NBIOT_EVK/GCC_ARM/mbed-os/frameworks/utest/source/utest_types.o
                0x00007bb8                utest::v1::stringify(utest::v1::location_t)
 .text._Z41__static_initialization_and_destruction_0ii
                0x00007c20       0x98 ./.build/SARA_NBIOT_EVK/GCC_ARM/mbed-os/frameworks/utest/source/utest_types.o
 .text._GLOBAL__sub_I__ZN5utest2v19stringifyENS0_16failure_reason_tE
                0x00007cb8       0x14 ./.build/SARA_NBIOT_EVK/GCC_ARM/mbed-os/frameworks/utest/source/utest_types.o
 .text._ZN10SerialPort11getInstanceEv
                0x00007ccc       0x3c ./.build/SARA_NBIOT_EVK/GCC_ARM/./serial_driver.o
                0x00007ccc                SerialPort::getInstance()
 .text._ZN10SerialPortC2E7PinNameS0_i
                0x00007d08       0x80 ./.build/SARA_NBIOT_EVK/GCC_ARM/./serial_driver.o
                0x00007d08                SerialPort::SerialPort(PinName, PinName, int)
                0x00007d08                SerialPort::SerialPort(PinName, PinName, int)
 .text._ZN10SerialPort14transmitBufferEPKc